[35m[Appium][39m Welcome to Appium v1.22.3
[35m[Appium][39m Non-default server args:
[35m[Appium][39m   port: 53654
[35m[Appium][39m   loglevel: info
[35m[Appium][39m   tmpDir: C:\Users\ichsa\AppData\Local\Temp\\Katalon\Appium\Temp1767348267015
[35m[Appium][39m   chromedriverPort: 53655
[35m[Appium][39m Deprecated server args:
[35m[Appium][39m   [31m--chromedriver-port[39m => --default-capabilities
[35m[Appium][39m Default capabilities, which will be added to each request unless overridden by desired capabilities:
[35m[Appium][39m   chromedriverPort: 53655
[35m[Appium][39m Appium REST http interface listener started on 0.0.0.0:53654
[35m[HTTP][39m [37m-->[39m [37mGET[39m [37m/wd/hub/status[39m
[35m[HTTP][39m [90m{}[39m
[35m[HTTP][39m [37m<-- GET /wd/hub/status [39m[32m200[39m [90m4 ms - 68[39m
[35m[HTTP][39m [90m[39m
[35m[HTTP][39m [37m-->[39m [37mPOST[39m [37m/wd/hub/session[39m
[35m[HTTP][39m [90m{"desiredCapabilities":{"appActivity":".Settings","appPackage":"com.android.settings","newCommandTimeout":1800,"platformVersion":"12","automationName":"uiautomator2","autoGrantPermissions":true,"platformName":"Android","udid":"RR8R5017EJV","deviceName":"samsung SM-A125F (Android 12)","platform":"ANDROID","systemPort":8280},"capabilities":{"firstMatch":[{"appium:appActivity":".Settings","appium:appPackage":"com.android.settings","appium:autoGrantPermissions":true,"appium:automationName":"uiautomator2","appium:deviceName":"samsung SM-A125F (Android 12)","appium:newCommandTimeout":1800,"platform":"ANDROID","platformName":"android","appium:platformVersion":"12","appium:systemPort":8280,"appium:udid":"RR8R5017EJV"}]}}[39m
[35m[BaseDriver][39m The following capabilities are not standard capabilities and should have an extension prefix:
[35m[BaseDriver][39m   platform
[35m[BaseDriver][39m   chromedriverPort
[35m[Appium][39m Appium v1.22.3 creating new AndroidUiautomator2Driver (v1.70.1) session
[35m[BaseDriver][39m The following capabilities were provided, but are not recognized by Appium:
[35m[BaseDriver][39m   platform
[35m[BaseDriver][39m Session created with session id: 367615ea-4f0a-444c-9ea0-76fd1d122eca
[35m[UiAutomator2][39m Starting 'com.android.settings' directly on the device
[35m[ADB][39m Found 1 'build-tools' folders under 'C:\Users\ichsa\.katalon\tools\android_sdk' (newest first):
[35m[ADB][39m     C:/Users/ichsa/.katalon/tools/android_sdk/build-tools/29.0.3
[35m[ADB][39m Using 'adb.exe' from 'C:\Users\ichsa\.katalon\tools\android_sdk\platform-tools\adb.exe'
[35m[AndroidDriver][39m Retrieving device list
[35m[AndroidDriver][39m Using device: RR8R5017EJV
[35m[ADB][39m Using 'adb.exe' from 'C:\Users\ichsa\.katalon\tools\android_sdk\platform-tools\adb.exe'
[35m[ADB][39m Getting device platform version
[35m[UiAutomator2][39m Relaxing hidden api policy
[35m[AndroidDriver][39m No app sent in, not parsing package/activity
[35m[ADB][39m Using 'apksigner.jar' from 'C:\Users\ichsa\.katalon\tools\android_sdk\build-tools\29.0.3\lib\apksigner.jar'
[35m[ADB][39m 'C:\Users\ichsa\AppData\Roaming\npm\node_modules\appium\node_modules\appium-uiautomator2-server\apks\appium-uiautomator2-server-v4.27.0.apk' is signed with the default certificate
[35m[ADB][39m 'C:\Users\ichsa\AppData\Roaming\npm\node_modules\appium\node_modules\appium-uiautomator2-server\apks\appium-uiautomator2-server-debug-androidTest.apk' is signed with the default certificate
[35m[UiAutomator2][39m Server packages are not going to be (re)installed
[35m[ADB][39m Adding packages ["io.appium.settings","io.appium.uiautomator2.server","io.appium.uiautomator2.server.test"] to Doze whitelist
[35m[UiAutomator2][39m Starting UIAutomator2 server 4.27.0
[35m[UiAutomator2][39m Using UIAutomator2 server from 'C:\Users\ichsa\AppData\Roaming\npm\node_modules\appium\node_modules\appium-uiautomator2-server\apks\appium-uiautomator2-server-v4.27.0.apk' and test from 'C:\Users\ichsa\AppData\Roaming\npm\node_modules\appium\node_modules\appium-uiautomator2-server\apks\appium-uiautomator2-server-debug-androidTest.apk'
[35m[UiAutomator2][39m Waiting up to 30000ms for UiAutomator2 to be online...
[35m[WD Proxy][39m socket hang up
[35m[WD Proxy][39m socket hang up
[35m[WD Proxy][39m socket hang up
[35m[WD Proxy][39m socket hang up
[35m[WD Proxy][39m Determined the downstream protocol as 'W3C'
[35m[AndroidDriver][39m Screen already unlocked, doing nothing
[35m[UiAutomator2][39m Starting 'com.android.settings/.Settings and waiting for 'com.android.settings/.Settings'
[35m[Appium][39m New AndroidUiautomator2Driver session created successfully, session 367615ea-4f0a-444c-9ea0-76fd1d122eca added to master session list
[35m[HTTP][39m [37m<-- POST /wd/hub/session [39m[32m200[39m [90m9621 ms - 1156[39m
[35m[HTTP][39m [90m[39m
[35m[HTTP][39m [37m-->[39m [37mGET[39m [37m/wd/hub/session/367615ea-4f0a-444c-9ea0-76fd1d122eca[39m
[35m[HTTP][39m [90m{}[39m
[35m[HTTP][39m [37m<-- GET /wd/hub/session/367615ea-4f0a-444c-9ea0-76fd1d122eca [39m[32m200[39m [90m22 ms - 1110[39m
[35m[HTTP][39m [90m[39m
[35m[HTTP][39m [37m-->[39m [37mGET[39m [37m/wd/hub/session/367615ea-4f0a-444c-9ea0-76fd1d122eca[39m
[35m[HTTP][39m [90m{}[39m
[35m[HTTP][39m [37m<-- GET /wd/hub/session/367615ea-4f0a-444c-9ea0-76fd1d122eca [39m[32m200[39m [90m17 ms - 1110[39m
[35m[HTTP][39m [90m[39m
[35m[HTTP][39m [37m-->[39m [37mGET[39m [37m/wd/hub/status[39m
[35m[HTTP][39m [90m{}[39m
[35m[HTTP][39m [37m<-- GET /wd/hub/status [39m[32m200[39m [90m1 ms - 68[39m
[35m[HTTP][39m [90m[39m
[35m[HTTP][39m [37m-->[39m [37mPOST[39m [37m/wd/hub/session/367615ea-4f0a-444c-9ea0-76fd1d122eca/timeouts[39m
[35m[HTTP][39m [90m{"implicit":30000}[39m
[35m[HTTP][39m [37m<-- POST /wd/hub/session/367615ea-4f0a-444c-9ea0-76fd1d122eca/timeouts [39m[32m200[39m [90m2 ms - 14[39m
[35m[HTTP][39m [90m[39m
[35m[HTTP][39m [37m-->[39m [37mGET[39m [37m/wd/hub/session/367615ea-4f0a-444c-9ea0-76fd1d122eca/screenshot[39m
[35m[HTTP][39m [90m{}[39m
[35m[HTTP][39m [37m<-- GET /wd/hub/session/367615ea-4f0a-444c-9ea0-76fd1d122eca/screenshot [39m[32m200[39m [90m756 ms - 126106[39m
[35m[HTTP][39m [90m[39m
[35m[HTTP][39m [37m-->[39m [37mGET[39m [37m/wd/hub/session/367615ea-4f0a-444c-9ea0-76fd1d122eca/window/rect[39m
[35m[HTTP][39m [90m{}[39m
[35m[HTTP][39m [37m<-- GET /wd/hub/session/367615ea-4f0a-444c-9ea0-76fd1d122eca/window/rect [39m[32m200[39m [90m19 ms - 49[39m
[35m[HTTP][39m [90m[39m
[35m[HTTP][39m [37m-->[39m [37mGET[39m [37m/wd/hub/session/367615ea-4f0a-444c-9ea0-76fd1d122eca/appium/device/system_bars[39m
[35m[HTTP][39m [90m{}[39m
[35m[HTTP][39m [37m<-- GET /wd/hub/session/367615ea-4f0a-444c-9ea0-76fd1d122eca/appium/device/system_bars [39m[32m200[39m [90m109 ms - 145[39m
[35m[HTTP][39m [90m[39m
[35m[HTTP][39m [37m-->[39m [37mPOST[39m [37m/wd/hub/session/367615ea-4f0a-444c-9ea0-76fd1d122eca/appium/device/activate_app[39m
[35m[HTTP][39m [90m{"bundleId":"id.co.labamu.app"}[39m
[35m[HTTP][39m [37m<-- POST /wd/hub/session/367615ea-4f0a-444c-9ea0-76fd1d122eca/appium/device/activate_app [39m[32m200[39m [90m1029 ms - 14[39m
[35m[HTTP][39m [90m[39m
[35m[HTTP][39m [37m-->[39m [37mPOST[39m [37m/wd/hub/session/367615ea-4f0a-444c-9ea0-76fd1d122eca/timeouts[39m
[35m[HTTP][39m [90m{"implicit":50}[39m
[35m[HTTP][39m [37m<-- POST /wd/hub/session/367615ea-4f0a-444c-9ea0-76fd1d122eca/timeouts [39m[32m200[39m [90m1 ms - 14[39m
[35m[HTTP][39m [90m[39m
[35m[HTTP][39m [37m-->[39m [37mGET[39m [37m/wd/hub/session/367615ea-4f0a-444c-9ea0-76fd1d122eca/window/rect[39m
[35m[HTTP][39m [90m{}[39m
[35m[HTTP][39m [37m<-- GET /wd/hub/session/367615ea-4f0a-444c-9ea0-76fd1d122eca/window/rect [39m[32m200[39m [90m21 ms - 49[39m
[35m[HTTP][39m [90m[39m
[35m[HTTP][39m [37m-->[39m [37mPOST[39m [37m/wd/hub/session/367615ea-4f0a-444c-9ea0-76fd1d122eca/elements[39m
[35m[HTTP][39m [90m{"using":"xpath","value":"//*[@class = 'android.widget.Button' and (@text = 'While using the app' or . = 'While using the app') and @resource-id = 'com.android.permissioncontroller:id/permission_allow_foreground_only_button']"}[39m
[35m[HTTP][39m [37m<-- POST /wd/hub/session/367615ea-4f0a-444c-9ea0-76fd1d122eca/elements [39m[32m200[39m [90m1522 ms - 12[39m
[35m[HTTP][39m [90m[39m
[35m[HTTP][39m [37m-->[39m [37mPOST[39m [37m/wd/hub/session/367615ea-4f0a-444c-9ea0-76fd1d122eca/elements[39m
[35m[HTTP][39m [90m{"using":"xpath","value":"//*[@class = 'android.widget.Button' and (@text = 'While using the app' or . = 'While using the app') and @resource-id = 'com.android.permissioncontroller:id/permission_allow_foreground_only_button']"}[39m
[35m[HTTP][39m [37m<-- POST /wd/hub/session/367615ea-4f0a-444c-9ea0-76fd1d122eca/elements [39m[32m200[39m [90m377 ms - 12[39m
[35m[HTTP][39m [90m[39m
[35m[HTTP][39m [37m-->[39m [37mPOST[39m [37m/wd/hub/session/367615ea-4f0a-444c-9ea0-76fd1d122eca/elements[39m
[35m[HTTP][39m [90m{"using":"xpath","value":"//*[@class = 'android.widget.Button' and (@text = 'While using the app' or . = 'While using the app') and @resource-id = 'com.android.permissioncontroller:id/permission_allow_foreground_only_button']"}[39m
[35m[HTTP][39m [37m<-- POST /wd/hub/session/367615ea-4f0a-444c-9ea0-76fd1d122eca/elements [39m[32m200[39m [90m183 ms - 12[39m
[35m[HTTP][39m [90m[39m
[35m[HTTP][39m [37m-->[39m [37mPOST[39m [37m/wd/hub/session/367615ea-4f0a-444c-9ea0-76fd1d122eca/elements[39m
[35m[HTTP][39m [90m{"using":"xpath","value":"//*[@class = 'android.widget.Button' and (@text = 'While using the app' or . = 'While using the app') and @resource-id = 'com.android.permissioncontroller:id/permission_allow_foreground_only_button']"}[39m
[35m[HTTP][39m [37m<-- POST /wd/hub/session/367615ea-4f0a-444c-9ea0-76fd1d122eca/elements [39m[32m200[39m [90m175 ms - 12[39m
[35m[HTTP][39m [90m[39m
[35m[HTTP][39m [37m-->[39m [37mPOST[39m [37m/wd/hub/session/367615ea-4f0a-444c-9ea0-76fd1d122eca/elements[39m
[35m[HTTP][39m [90m{"using":"xpath","value":"//*[@class = 'android.widget.Button' and (@text = 'While using the app' or . = 'While using the app') and @resource-id = 'com.android.permissioncontroller:id/permission_allow_foreground_only_button']"}[39m
[35m[HTTP][39m [37m<-- POST /wd/hub/session/367615ea-4f0a-444c-9ea0-76fd1d122eca/elements [39m[32m200[39m [90m572 ms - 12[39m
[35m[HTTP][39m [90m[39m
[35m[HTTP][39m [37m-->[39m [37mPOST[39m [37m/wd/hub/session/367615ea-4f0a-444c-9ea0-76fd1d122eca/elements[39m
[35m[HTTP][39m [90m{"using":"xpath","value":"//*[@class = 'android.widget.Button' and (@text = 'While using the app' or . = 'While using the app') and @resource-id = 'com.android.permissioncontroller:id/permission_allow_foreground_only_button']"}[39m
[35m[HTTP][39m [37m<-- POST /wd/hub/session/367615ea-4f0a-444c-9ea0-76fd1d122eca/elements [39m[32m200[39m [90m204 ms - 12[39m
[35m[HTTP][39m [90m[39m
[35m[HTTP][39m [37m-->[39m [37mPOST[39m [37m/wd/hub/session/367615ea-4f0a-444c-9ea0-76fd1d122eca/elements[39m
[35m[HTTP][39m [90m{"using":"xpath","value":"//*[@class = 'android.widget.Button' and (@text = 'While using the app' or . = 'While using the app') and @resource-id = 'com.android.permissioncontroller:id/permission_allow_foreground_only_button']"}[39m
[35m[HTTP][39m [37m<-- POST /wd/hub/session/367615ea-4f0a-444c-9ea0-76fd1d122eca/elements [39m[32m200[39m [90m167 ms - 12[39m
[35m[HTTP][39m [90m[39m
[35m[HTTP][39m [37m-->[39m [37mPOST[39m [37m/wd/hub/session/367615ea-4f0a-444c-9ea0-76fd1d122eca/elements[39m
[35m[HTTP][39m [90m{"using":"xpath","value":"//*[@class = 'android.widget.Button' and (@text = 'While using the app' or . = 'While using the app') and @resource-id = 'com.android.permissioncontroller:id/permission_allow_foreground_only_button']"}[39m
[35m[HTTP][39m [37m<-- POST /wd/hub/session/367615ea-4f0a-444c-9ea0-76fd1d122eca/elements [39m[32m200[39m [90m580 ms - 12[39m
[35m[HTTP][39m [90m[39m
[35m[HTTP][39m [37m-->[39m [37mPOST[39m [37m/wd/hub/session/367615ea-4f0a-444c-9ea0-76fd1d122eca/elements[39m
[35m[HTTP][39m [90m{"using":"xpath","value":"//*[@class = 'android.widget.Button' and (@text = 'While using the app' or . = 'While using the app') and @resource-id = 'com.android.permissioncontroller:id/permission_allow_foreground_only_button']"}[39m
[35m[HTTP][39m [37m<-- POST /wd/hub/session/367615ea-4f0a-444c-9ea0-76fd1d122eca/elements [39m[32m200[39m [90m154 ms - 12[39m
[35m[HTTP][39m [90m[39m
[35m[HTTP][39m [37m-->[39m [37mPOST[39m [37m/wd/hub/session/367615ea-4f0a-444c-9ea0-76fd1d122eca/elements[39m
[35m[HTTP][39m [90m{"using":"xpath","value":"//*[@class = 'android.widget.Button' and (@text = 'While using the app' or . = 'While using the app') and @resource-id = 'com.android.permissioncontroller:id/permission_allow_foreground_only_button']"}[39m
[35m[HTTP][39m [37m<-- POST /wd/hub/session/367615ea-4f0a-444c-9ea0-76fd1d122eca/elements [39m[32m200[39m [90m184 ms - 12[39m
[35m[HTTP][39m [90m[39m
[35m[HTTP][39m [37m-->[39m [37mPOST[39m [37m/wd/hub/session/367615ea-4f0a-444c-9ea0-76fd1d122eca/elements[39m
[35m[HTTP][39m [90m{"using":"xpath","value":"//*[@class = 'android.widget.Button' and (@text = 'While using the app' or . = 'While using the app') and @resource-id = 'com.android.permissioncontroller:id/permission_allow_foreground_only_button']"}[39m
[35m[HTTP][39m [37m<-- POST /wd/hub/session/367615ea-4f0a-444c-9ea0-76fd1d122eca/elements [39m[32m200[39m [90m641 ms - 12[39m
[35m[HTTP][39m [90m[39m
[35m[HTTP][39m [37m-->[39m [37mPOST[39m [37m/wd/hub/session/367615ea-4f0a-444c-9ea0-76fd1d122eca/elements[39m
[35m[HTTP][39m [90m{"using":"xpath","value":"//*[@class = 'android.widget.Button' and (@text = 'While using the app' or . = 'While using the app') and @resource-id = 'com.android.permissioncontroller:id/permission_allow_foreground_only_button']"}[39m
[35m[HTTP][39m [37m<-- POST /wd/hub/session/367615ea-4f0a-444c-9ea0-76fd1d122eca/elements [39m[32m200[39m [90m161 ms - 12[39m
[35m[HTTP][39m [90m[39m
[35m[HTTP][39m [37m-->[39m [37mPOST[39m [37m/wd/hub/session/367615ea-4f0a-444c-9ea0-76fd1d122eca/timeouts[39m
[35m[HTTP][39m [90m{"implicit":30000}[39m
[35m[HTTP][39m [37m<-- POST /wd/hub/session/367615ea-4f0a-444c-9ea0-76fd1d122eca/timeouts [39m[32m200[39m [90m1 ms - 14[39m
[35m[HTTP][39m [90m[39m
[35m[HTTP][39m [37m-->[39m [37mPOST[39m [37m/wd/hub/session/367615ea-4f0a-444c-9ea0-76fd1d122eca/timeouts[39m
[35m[HTTP][39m [90m{"implicit":50}[39m
[35m[HTTP][39m [37m<-- POST /wd/hub/session/367615ea-4f0a-444c-9ea0-76fd1d122eca/timeouts [39m[32m200[39m [90m1 ms - 14[39m
[35m[HTTP][39m [90m[39m
[35m[HTTP][39m [37m-->[39m [37mGET[39m [37m/wd/hub/session/367615ea-4f0a-444c-9ea0-76fd1d122eca/window/rect[39m
[35m[HTTP][39m [90m{}[39m
[35m[HTTP][39m [37m<-- GET /wd/hub/session/367615ea-4f0a-444c-9ea0-76fd1d122eca/window/rect [39m[32m200[39m [90m22 ms - 49[39m
[35m[HTTP][39m [90m[39m
[35m[HTTP][39m [37m-->[39m [37mPOST[39m [37m/wd/hub/session/367615ea-4f0a-444c-9ea0-76fd1d122eca/elements[39m
[35m[HTTP][39m [90m{"using":"xpath","value":"//*[@class = 'android.view.View' and @resource-id = 'email_login_cta' and (@text = '' or . = '')]"}[39m
[35m[HTTP][39m [37m<-- POST /wd/hub/session/367615ea-4f0a-444c-9ea0-76fd1d122eca/elements [39m[32m200[39m [90m590 ms - 12[39m
[35m[HTTP][39m [90m[39m
[35m[HTTP][39m [37m-->[39m [37mPOST[39m [37m/wd/hub/session/367615ea-4f0a-444c-9ea0-76fd1d122eca/elements[39m
[35m[HTTP][39m [90m{"using":"xpath","value":"//*[@class = 'android.view.View' and @resource-id = 'email_login_cta' and (@text = '' or . = '')]"}[39m
[35m[HTTP][39m [37m<-- POST /wd/hub/session/367615ea-4f0a-444c-9ea0-76fd1d122eca/elements [39m[32m200[39m [90m166 ms - 12[39m
[35m[HTTP][39m [90m[39m
[35m[HTTP][39m [37m-->[39m [37mPOST[39m [37m/wd/hub/session/367615ea-4f0a-444c-9ea0-76fd1d122eca/elements[39m
[35m[HTTP][39m [90m{"using":"xpath","value":"//*[@class = 'android.view.View' and @resource-id = 'email_login_cta' and (@text = '' or . = '')]"}[39m
[35m[HTTP][39m [37m<-- POST /wd/hub/session/367615ea-4f0a-444c-9ea0-76fd1d122eca/elements [39m[32m200[39m [90m148 ms - 12[39m
[35m[HTTP][39m [90m[39m
[35m[HTTP][39m [37m-->[39m [37mPOST[39m [37m/wd/hub/session/367615ea-4f0a-444c-9ea0-76fd1d122eca/elements[39m
[35m[HTTP][39m [90m{"using":"xpath","value":"//*[@class = 'android.view.View' and @resource-id = 'email_login_cta' and (@text = '' or . = '')]"}[39m
[35m[HTTP][39m [37m<-- POST /wd/hub/session/367615ea-4f0a-444c-9ea0-76fd1d122eca/elements [39m[32m200[39m [90m147 ms - 12[39m
[35m[HTTP][39m [90m[39m
[35m[HTTP][39m [37m-->[39m [37mPOST[39m [37m/wd/hub/session/367615ea-4f0a-444c-9ea0-76fd1d122eca/elements[39m
[35m[HTTP][39m [90m{"using":"xpath","value":"//*[@class = 'android.view.View' and @resource-id = 'email_login_cta' and (@text = '' or . = '')]"}[39m
[35m[HTTP][39m [37m<-- POST /wd/hub/session/367615ea-4f0a-444c-9ea0-76fd1d122eca/elements [39m[32m200[39m [90m489 ms - 12[39m
[35m[HTTP][39m [90m[39m
[35m[HTTP][39m [37m-->[39m [37mPOST[39m [37m/wd/hub/session/367615ea-4f0a-444c-9ea0-76fd1d122eca/elements[39m
[35m[HTTP][39m [90m{"using":"xpath","value":"//*[@class = 'android.view.View' and @resource-id = 'email_login_cta' and (@text = '' or . = '')]"}[39m
[35m[HTTP][39m [37m<-- POST /wd/hub/session/367615ea-4f0a-444c-9ea0-76fd1d122eca/elements [39m[32m200[39m [90m157 ms - 12[39m
[35m[HTTP][39m [90m[39m
[35m[HTTP][39m [37m-->[39m [37mPOST[39m [37m/wd/hub/session/367615ea-4f0a-444c-9ea0-76fd1d122eca/elements[39m
[35m[HTTP][39m [90m{"using":"xpath","value":"//*[@class = 'android.view.View' and @resource-id = 'email_login_cta' and (@text = '' or . = '')]"}[39m
[35m[HTTP][39m [37m<-- POST /wd/hub/session/367615ea-4f0a-444c-9ea0-76fd1d122eca/elements [39m[32m200[39m [90m154 ms - 12[39m
[35m[HTTP][39m [90m[39m
[35m[HTTP][39m [37m-->[39m [37mPOST[39m [37m/wd/hub/session/367615ea-4f0a-444c-9ea0-76fd1d122eca/elements[39m
[35m[HTTP][39m [90m{"using":"xpath","value":"//*[@class = 'android.view.View' and @resource-id = 'email_login_cta' and (@text = '' or . = '')]"}[39m
[35m[HTTP][39m [37m<-- POST /wd/hub/session/367615ea-4f0a-444c-9ea0-76fd1d122eca/elements [39m[32m200[39m [90m909 ms - 12[39m
[35m[HTTP][39m [90m[39m
[35m[HTTP][39m [37m-->[39m [37mPOST[39m [37m/wd/hub/session/367615ea-4f0a-444c-9ea0-76fd1d122eca/elements[39m
[35m[HTTP][39m [90m{"using":"xpath","value":"//*[@class = 'android.view.View' and @resource-id = 'email_login_cta' and (@text = '' or . = '')]"}[39m
[35m[HTTP][39m [37m<-- POST /wd/hub/session/367615ea-4f0a-444c-9ea0-76fd1d122eca/elements [39m[32m200[39m [90m135 ms - 12[39m
[35m[HTTP][39m [90m[39m
[35m[HTTP][39m [37m-->[39m [37mPOST[39m [37m/wd/hub/session/367615ea-4f0a-444c-9ea0-76fd1d122eca/elements[39m
[35m[HTTP][39m [90m{"using":"xpath","value":"//*[@class = 'android.view.View' and @resource-id = 'email_login_cta' and (@text = '' or . = '')]"}[39m
[35m[HTTP][39m [37m<-- POST /wd/hub/session/367615ea-4f0a-444c-9ea0-76fd1d122eca/elements [39m[32m200[39m [90m556 ms - 12[39m
[35m[HTTP][39m [90m[39m
[35m[HTTP][39m [37m-->[39m [37mPOST[39m [37m/wd/hub/session/367615ea-4f0a-444c-9ea0-76fd1d122eca/elements[39m
[35m[HTTP][39m [90m{"using":"xpath","value":"//*[@class = 'android.view.View' and @resource-id = 'email_login_cta' and (@text = '' or . = '')]"}[39m
[35m[HTTP][39m [37m<-- POST /wd/hub/session/367615ea-4f0a-444c-9ea0-76fd1d122eca/elements [39m[32m200[39m [90m135 ms - 12[39m
[35m[HTTP][39m [90m[39m
[35m[HTTP][39m [37m-->[39m [37mPOST[39m [37m/wd/hub/session/367615ea-4f0a-444c-9ea0-76fd1d122eca/elements[39m
[35m[HTTP][39m [90m{"using":"xpath","value":"//*[@class = 'android.view.View' and @resource-id = 'email_login_cta' and (@text = '' or . = '')]"}[39m
[35m[HTTP][39m [37m<-- POST /wd/hub/session/367615ea-4f0a-444c-9ea0-76fd1d122eca/elements [39m[32m200[39m [90m152 ms - 12[39m
[35m[HTTP][39m [90m[39m
[35m[HTTP][39m [37m-->[39m [37mPOST[39m [37m/wd/hub/session/367615ea-4f0a-444c-9ea0-76fd1d122eca/elements[39m
[35m[HTTP][39m [90m{"using":"xpath","value":"//*[@class = 'android.view.View' and @resource-id = 'email_login_cta' and (@text = '' or . = '')]"}[39m
[35m[HTTP][39m [37m<-- POST /wd/hub/session/367615ea-4f0a-444c-9ea0-76fd1d122eca/elements [39m[32m200[39m [90m148 ms - 12[39m
[35m[HTTP][39m [90m[39m
[35m[HTTP][39m [37m-->[39m [37mPOST[39m [37m/wd/hub/session/367615ea-4f0a-444c-9ea0-76fd1d122eca/elements[39m
[35m[HTTP][39m [90m{"using":"xpath","value":"//*[@class = 'android.view.View' and @resource-id = 'email_login_cta' and (@text = '' or . = '')]"}[39m
[35m[HTTP][39m [37m<-- POST /wd/hub/session/367615ea-4f0a-444c-9ea0-76fd1d122eca/elements [39m[32m200[39m [90m509 ms - 12[39m
[35m[HTTP][39m [90m[39m
[35m[HTTP][39m [37m-->[39m [37mPOST[39m [37m/wd/hub/session/367615ea-4f0a-444c-9ea0-76fd1d122eca/elements[39m
[35m[HTTP][39m [90m{"using":"xpath","value":"//*[@class = 'android.view.View' and @resource-id = 'email_login_cta' and (@text = '' or . = '')]"}[39m
[35m[HTTP][39m [37m<-- POST /wd/hub/session/367615ea-4f0a-444c-9ea0-76fd1d122eca/elements [39m[32m200[39m [90m136 ms - 12[39m
[35m[HTTP][39m [90m[39m
[35m[HTTP][39m [37m-->[39m [37mPOST[39m [37m/wd/hub/session/367615ea-4f0a-444c-9ea0-76fd1d122eca/elements[39m
[35m[HTTP][39m [90m{"using":"xpath","value":"//*[@class = 'android.view.View' and @resource-id = 'email_login_cta' and (@text = '' or . = '')]"}[39m
[35m[HTTP][39m [37m<-- POST /wd/hub/session/367615ea-4f0a-444c-9ea0-76fd1d122eca/elements [39m[32m200[39m [90m130 ms - 12[39m
[35m[HTTP][39m [90m[39m
[35m[HTTP][39m [37m-->[39m [37mPOST[39m [37m/wd/hub/session/367615ea-4f0a-444c-9ea0-76fd1d122eca/elements[39m
[35m[HTTP][39m [90m{"using":"xpath","value":"//*[@class = 'android.view.View' and @resource-id = 'email_login_cta' and (@text = '' or . = '')]"}[39m
[35m[HTTP][39m [37m<-- POST /wd/hub/session/367615ea-4f0a-444c-9ea0-76fd1d122eca/elements [39m[32m200[39m [90m170 ms - 12[39m
[35m[HTTP][39m [90m[39m
[35m[HTTP][39m [37m-->[39m [37mPOST[39m [37m/wd/hub/session/367615ea-4f0a-444c-9ea0-76fd1d122eca/elements[39m
[35m[HTTP][39m [90m{"using":"xpath","value":"//*[@class = 'android.view.View' and @resource-id = 'email_login_cta' and (@text = '' or . = '')]"}[39m
[35m[HTTP][39m [37m<-- POST /wd/hub/session/367615ea-4f0a-444c-9ea0-76fd1d122eca/elements [39m[32m200[39m [90m499 ms - 12[39m
[35m[HTTP][39m [90m[39m
[35m[HTTP][39m [37m-->[39m [37mPOST[39m [37m/wd/hub/session/367615ea-4f0a-444c-9ea0-76fd1d122eca/elements[39m
[35m[HTTP][39m [90m{"using":"xpath","value":"//*[@class = 'android.view.View' and @resource-id = 'email_login_cta' and (@text = '' or . = '')]"}[39m
[35m[HTTP][39m [37m<-- POST /wd/hub/session/367615ea-4f0a-444c-9ea0-76fd1d122eca/elements [39m[32m200[39m [90m128 ms - 12[39m
[35m[HTTP][39m [90m[39m
[35m[HTTP][39m [37m-->[39m [37mPOST[39m [37m/wd/hub/session/367615ea-4f0a-444c-9ea0-76fd1d122eca/elements[39m
[35m[HTTP][39m [90m{"using":"xpath","value":"//*[@class = 'android.view.View' and @resource-id = 'email_login_cta' and (@text = '' or . = '')]"}[39m
[35m[HTTP][39m [37m<-- POST /wd/hub/session/367615ea-4f0a-444c-9ea0-76fd1d122eca/elements [39m[32m200[39m [90m136 ms - 12[39m
[35m[HTTP][39m [90m[39m
[35m[HTTP][39m [37m-->[39m [37mPOST[39m [37m/wd/hub/session/367615ea-4f0a-444c-9ea0-76fd1d122eca/elements[39m
[35m[HTTP][39m [90m{"using":"xpath","value":"//*[@class = 'android.view.View' and @resource-id = 'email_login_cta' and (@text = '' or . = '')]"}[39m
[35m[HTTP][39m [37m<-- POST /wd/hub/session/367615ea-4f0a-444c-9ea0-76fd1d122eca/elements [39m[32m200[39m [90m132 ms - 12[39m
[35m[HTTP][39m [90m[39m
[35m[HTTP][39m [37m-->[39m [37mPOST[39m [37m/wd/hub/session/367615ea-4f0a-444c-9ea0-76fd1d122eca/elements[39m
[35m[HTTP][39m [90m{"using":"xpath","value":"//*[@class = 'android.view.View' and @resource-id = 'email_login_cta' and (@text = '' or . = '')]"}[39m
[35m[HTTP][39m [37m<-- POST /wd/hub/session/367615ea-4f0a-444c-9ea0-76fd1d122eca/elements [39m[32m200[39m [90m594 ms - 12[39m
[35m[HTTP][39m [90m[39m
[35m[HTTP][39m [37m-->[39m [37mPOST[39m [37m/wd/hub/session/367615ea-4f0a-444c-9ea0-76fd1d122eca/elements[39m
[35m[HTTP][39m [90m{"using":"xpath","value":"//*[@class = 'android.view.View' and @resource-id = 'email_login_cta' and (@text = '' or . = '')]"}[39m
[35m[HTTP][39m [37m<-- POST /wd/hub/session/367615ea-4f0a-444c-9ea0-76fd1d122eca/elements [39m[32m200[39m [90m125 ms - 12[39m
[35m[HTTP][39m [90m[39m
[35m[HTTP][39m [37m-->[39m [37mPOST[39m [37m/wd/hub/session/367615ea-4f0a-444c-9ea0-76fd1d122eca/elements[39m
[35m[HTTP][39m [90m{"using":"xpath","value":"//*[@class = 'android.view.View' and @resource-id = 'email_login_cta' and (@text = '' or . = '')]"}[39m
[35m[HTTP][39m [37m<-- POST /wd/hub/session/367615ea-4f0a-444c-9ea0-76fd1d122eca/elements [39m[32m200[39m [90m130 ms - 12[39m
[35m[HTTP][39m [90m[39m
[35m[HTTP][39m [37m-->[39m [37mPOST[39m [37m/wd/hub/session/367615ea-4f0a-444c-9ea0-76fd1d122eca/elements[39m
[35m[HTTP][39m [90m{"using":"xpath","value":"//*[@class = 'android.view.View' and @resource-id = 'email_login_cta' and (@text = '' or . = '')]"}[39m
[35m[HTTP][39m [37m<-- POST /wd/hub/session/367615ea-4f0a-444c-9ea0-76fd1d122eca/elements [39m[32m200[39m [90m138 ms - 12[39m
[35m[HTTP][39m [90m[39m
[35m[HTTP][39m [37m-->[39m [37mPOST[39m [37m/wd/hub/session/367615ea-4f0a-444c-9ea0-76fd1d122eca/elements[39m
[35m[HTTP][39m [90m{"using":"xpath","value":"//*[@class = 'android.view.View' and @resource-id = 'email_login_cta' and (@text = '' or . = '')]"}[39m
[35m[HTTP][39m [37m<-- POST /wd/hub/session/367615ea-4f0a-444c-9ea0-76fd1d122eca/elements [39m[32m200[39m [90m557 ms - 12[39m
[35m[HTTP][39m [90m[39m
[35m[HTTP][39m [37m-->[39m [37mPOST[39m [37m/wd/hub/session/367615ea-4f0a-444c-9ea0-76fd1d122eca/elements[39m
[35m[HTTP][39m [90m{"using":"xpath","value":"//*[@class = 'android.view.View' and @resource-id = 'email_login_cta' and (@text = '' or . = '')]"}[39m
[35m[HTTP][39m [37m<-- POST /wd/hub/session/367615ea-4f0a-444c-9ea0-76fd1d122eca/elements [39m[32m200[39m [90m123 ms - 12[39m
[35m[HTTP][39m [90m[39m
[35m[HTTP][39m [37m-->[39m [37mPOST[39m [37m/wd/hub/session/367615ea-4f0a-444c-9ea0-76fd1d122eca/elements[39m
[35m[HTTP][39m [90m{"using":"xpath","value":"//*[@class = 'android.view.View' and @resource-id = 'email_login_cta' and (@text = '' or . = '')]"}[39m
[35m[HTTP][39m [37m<-- POST /wd/hub/session/367615ea-4f0a-444c-9ea0-76fd1d122eca/elements [39m[32m200[39m [90m123 ms - 12[39m
[35m[HTTP][39m [90m[39m
[35m[HTTP][39m [37m-->[39m [37mPOST[39m [37m/wd/hub/session/367615ea-4f0a-444c-9ea0-76fd1d122eca/elements[39m
[35m[HTTP][39m [90m{"using":"xpath","value":"//*[@class = 'android.view.View' and @resource-id = 'email_login_cta' and (@text = '' or . = '')]"}[39m
[35m[HTTP][39m [37m<-- POST /wd/hub/session/367615ea-4f0a-444c-9ea0-76fd1d122eca/elements [39m[32m200[39m [90m131 ms - 12[39m
[35m[HTTP][39m [90m[39m
[35m[HTTP][39m [37m-->[39m [37mPOST[39m [37m/wd/hub/session/367615ea-4f0a-444c-9ea0-76fd1d122eca/elements[39m
[35m[HTTP][39m [90m{"using":"xpath","value":"//*[@class = 'android.view.View' and @resource-id = 'email_login_cta' and (@text = '' or . = '')]"}[39m
[35m[HTTP][39m [37m<-- POST /wd/hub/session/367615ea-4f0a-444c-9ea0-76fd1d122eca/elements [39m[32m200[39m [90m556 ms - 12[39m
[35m[HTTP][39m [90m[39m
[35m[HTTP][39m [37m-->[39m [37mPOST[39m [37m/wd/hub/session/367615ea-4f0a-444c-9ea0-76fd1d122eca/elements[39m
[35m[HTTP][39m [90m{"using":"xpath","value":"//*[@class = 'android.view.View' and @resource-id = 'email_login_cta' and (@text = '' or . = '')]"}[39m
[35m[HTTP][39m [37m<-- POST /wd/hub/session/367615ea-4f0a-444c-9ea0-76fd1d122eca/elements [39m[32m200[39m [90m121 ms - 12[39m
[35m[HTTP][39m [90m[39m
[35m[HTTP][39m [37m-->[39m [37mPOST[39m [37m/wd/hub/session/367615ea-4f0a-444c-9ea0-76fd1d122eca/elements[39m
[35m[HTTP][39m [90m{"using":"xpath","value":"//*[@class = 'android.view.View' and @resource-id = 'email_login_cta' and (@text = '' or . = '')]"}[39m
[35m[HTTP][39m [37m<-- POST /wd/hub/session/367615ea-4f0a-444c-9ea0-76fd1d122eca/elements [39m[32m200[39m [90m122 ms - 12[39m
[35m[HTTP][39m [90m[39m
[35m[HTTP][39m [37m-->[39m [37mPOST[39m [37m/wd/hub/session/367615ea-4f0a-444c-9ea0-76fd1d122eca/elements[39m
[35m[HTTP][39m [90m{"using":"xpath","value":"//*[@class = 'android.view.View' and @resource-id = 'email_login_cta' and (@text = '' or . = '')]"}[39m
[35m[HTTP][39m [37m<-- POST /wd/hub/session/367615ea-4f0a-444c-9ea0-76fd1d122eca/elements [39m[32m200[39m [90m144 ms - 12[39m
[35m[HTTP][39m [90m[39m
[35m[HTTP][39m [37m-->[39m [37mPOST[39m [37m/wd/hub/session/367615ea-4f0a-444c-9ea0-76fd1d122eca/elements[39m
[35m[HTTP][39m [90m{"using":"xpath","value":"//*[@class = 'android.view.View' and @resource-id = 'email_login_cta' and (@text = '' or . = '')]"}[39m
[35m[HTTP][39m [37m<-- POST /wd/hub/session/367615ea-4f0a-444c-9ea0-76fd1d122eca/elements [39m[32m200[39m [90m566 ms - 12[39m
[35m[HTTP][39m [90m[39m
[35m[HTTP][39m [37m-->[39m [37mPOST[39m [37m/wd/hub/session/367615ea-4f0a-444c-9ea0-76fd1d122eca/elements[39m
[35m[HTTP][39m [90m{"using":"xpath","value":"//*[@class = 'android.view.View' and @resource-id = 'email_login_cta' and (@text = '' or . = '')]"}[39m
[35m[HTTP][39m [37m<-- POST /wd/hub/session/367615ea-4f0a-444c-9ea0-76fd1d122eca/elements [39m[32m200[39m [90m122 ms - 12[39m
[35m[HTTP][39m [90m[39m
[35m[HTTP][39m [37m-->[39m [37mPOST[39m [37m/wd/hub/session/367615ea-4f0a-444c-9ea0-76fd1d122eca/elements[39m
[35m[HTTP][39m [90m{"using":"xpath","value":"//*[@class = 'android.view.View' and @resource-id = 'email_login_cta' and (@text = '' or . = '')]"}[39m
[35m[HTTP][39m [37m<-- POST /wd/hub/session/367615ea-4f0a-444c-9ea0-76fd1d122eca/elements [39m[32m200[39m [90m124 ms - 12[39m
[35m[HTTP][39m [90m[39m
[35m[HTTP][39m [37m-->[39m [37mPOST[39m [37m/wd/hub/session/367615ea-4f0a-444c-9ea0-76fd1d122eca/elements[39m
[35m[HTTP][39m [90m{"using":"xpath","value":"//*[@class = 'android.view.View' and @resource-id = 'email_login_cta' and (@text = '' or . = '')]"}[39m
[35m[HTTP][39m [37m<-- POST /wd/hub/session/367615ea-4f0a-444c-9ea0-76fd1d122eca/elements [39m[32m200[39m [90m121 ms - 12[39m
[35m[HTTP][39m [90m[39m
[35m[HTTP][39m [37m-->[39m [37mPOST[39m [37m/wd/hub/session/367615ea-4f0a-444c-9ea0-76fd1d122eca/timeouts[39m
[35m[HTTP][39m [90m{"implicit":30000}[39m
[35m[HTTP][39m [37m<-- POST /wd/hub/session/367615ea-4f0a-444c-9ea0-76fd1d122eca/timeouts [39m[32m200[39m [90m1 ms - 14[39m
[35m[HTTP][39m [90m[39m
[35m[HTTP][39m [37m-->[39m [37mPOST[39m [37m/wd/hub/session/367615ea-4f0a-444c-9ea0-76fd1d122eca/timeouts[39m
[35m[HTTP][39m [90m{"implicit":50}[39m
[35m[HTTP][39m [37m<-- POST /wd/hub/session/367615ea-4f0a-444c-9ea0-76fd1d122eca/timeouts [39m[32m200[39m [90m1 ms - 14[39m
[35m[HTTP][39m [90m[39m
[35m[HTTP][39m [37m-->[39m [37mGET[39m [37m/wd/hub/session/367615ea-4f0a-444c-9ea0-76fd1d122eca/window/rect[39m
[35m[HTTP][39m [90m{}[39m
[35m[HTTP][39m [37m<-- GET /wd/hub/session/367615ea-4f0a-444c-9ea0-76fd1d122eca/window/rect [39m[32m200[39m [90m16 ms - 49[39m
[35m[HTTP][39m [90m[39m
[35m[HTTP][39m [37m-->[39m [37mPOST[39m [37m/wd/hub/session/367615ea-4f0a-444c-9ea0-76fd1d122eca/elements[39m
[35m[HTTP][39m [90m{"using":"xpath","value":"//*[@class = 'android.view.View' and @resource-id = 'email_login_cta' and (@text = '' or . = '')]"}[39m
[35m[HTTP][39m [37m<-- POST /wd/hub/session/367615ea-4f0a-444c-9ea0-76fd1d122eca/elements [39m[32m200[39m [90m542 ms - 12[39m
[35m[HTTP][39m [90m[39m
[35m[HTTP][39m [37m-->[39m [37mPOST[39m [37m/wd/hub/session/367615ea-4f0a-444c-9ea0-76fd1d122eca/elements[39m
[35m[HTTP][39m [90m{"using":"xpath","value":"//*[@class = 'android.view.View' and @resource-id = 'email_login_cta' and (@text = '' or . = '')]"}[39m
[35m[HTTP][39m [37m<-- POST /wd/hub/session/367615ea-4f0a-444c-9ea0-76fd1d122eca/elements [39m[32m200[39m [90m136 ms - 12[39m
[35m[HTTP][39m [90m[39m
[35m[HTTP][39m [37m-->[39m [37mPOST[39m [37m/wd/hub/session/367615ea-4f0a-444c-9ea0-76fd1d122eca/elements[39m
[35m[HTTP][39m [90m{"using":"xpath","value":"//*[@class = 'android.view.View' and @resource-id = 'email_login_cta' and (@text = '' or . = '')]"}[39m
[35m[HTTP][39m [37m<-- POST /wd/hub/session/367615ea-4f0a-444c-9ea0-76fd1d122eca/elements [39m[32m200[39m [90m135 ms - 12[39m
[35m[HTTP][39m [90m[39m
[35m[HTTP][39m [37m-->[39m [37mPOST[39m [37m/wd/hub/session/367615ea-4f0a-444c-9ea0-76fd1d122eca/elements[39m
[35m[HTTP][39m [90m{"using":"xpath","value":"//*[@class = 'android.view.View' and @resource-id = 'email_login_cta' and (@text = '' or . = '')]"}[39m
[35m[HTTP][39m [37m<-- POST /wd/hub/session/367615ea-4f0a-444c-9ea0-76fd1d122eca/elements [39m[32m200[39m [90m115 ms - 12[39m
[35m[HTTP][39m [90m[39m
[35m[HTTP][39m [37m-->[39m [37mPOST[39m [37m/wd/hub/session/367615ea-4f0a-444c-9ea0-76fd1d122eca/elements[39m
[35m[HTTP][39m [90m{"using":"xpath","value":"//*[@class = 'android.view.View' and @resource-id = 'email_login_cta' and (@text = '' or . = '')]"}[39m
[35m[HTTP][39m [37m<-- POST /wd/hub/session/367615ea-4f0a-444c-9ea0-76fd1d122eca/elements [39m[32m200[39m [90m575 ms - 12[39m
[35m[HTTP][39m [90m[39m
[35m[HTTP][39m [37m-->[39m [37mPOST[39m [37m/wd/hub/session/367615ea-4f0a-444c-9ea0-76fd1d122eca/elements[39m
[35m[HTTP][39m [90m{"using":"xpath","value":"//*[@class = 'android.view.View' and @resource-id = 'email_login_cta' and (@text = '' or . = '')]"}[39m
[35m[HTTP][39m [37m<-- POST /wd/hub/session/367615ea-4f0a-444c-9ea0-76fd1d122eca/elements [39m[32m200[39m [90m112 ms - 12[39m
[35m[HTTP][39m [90m[39m
[35m[HTTP][39m [37m-->[39m [37mPOST[39m [37m/wd/hub/session/367615ea-4f0a-444c-9ea0-76fd1d122eca/elements[39m
[35m[HTTP][39m [90m{"using":"xpath","value":"//*[@class = 'android.view.View' and @resource-id = 'email_login_cta' and (@text = '' or . = '')]"}[39m
[35m[HTTP][39m [37m<-- POST /wd/hub/session/367615ea-4f0a-444c-9ea0-76fd1d122eca/elements [39m[32m200[39m [90m112 ms - 12[39m
[35m[HTTP][39m [90m[39m
[35m[HTTP][39m [37m-->[39m [37mPOST[39m [37m/wd/hub/session/367615ea-4f0a-444c-9ea0-76fd1d122eca/elements[39m
[35m[HTTP][39m [90m{"using":"xpath","value":"//*[@class = 'android.view.View' and @resource-id = 'email_login_cta' and (@text = '' or . = '')]"}[39m
[35m[HTTP][39m [37m<-- POST /wd/hub/session/367615ea-4f0a-444c-9ea0-76fd1d122eca/elements [39m[32m200[39m [90m115 ms - 12[39m
[35m[HTTP][39m [90m[39m
[35m[HTTP][39m [37m-->[39m [37mPOST[39m [37m/wd/hub/session/367615ea-4f0a-444c-9ea0-76fd1d122eca/elements[39m
[35m[HTTP][39m [90m{"using":"xpath","value":"//*[@class = 'android.view.View' and @resource-id = 'email_login_cta' and (@text = '' or . = '')]"}[39m
[35m[HTTP][39m [37m<-- POST /wd/hub/session/367615ea-4f0a-444c-9ea0-76fd1d122eca/elements [39m[32m200[39m [90m619 ms - 12[39m
[35m[HTTP][39m [90m[39m
[35m[HTTP][39m [37m-->[39m [37mPOST[39m [37m/wd/hub/session/367615ea-4f0a-444c-9ea0-76fd1d122eca/elements[39m
[35m[HTTP][39m [90m{"using":"xpath","value":"//*[@class = 'android.view.View' and @resource-id = 'email_login_cta' and (@text = '' or . = '')]"}[39m
[35m[HTTP][39m [37m<-- POST /wd/hub/session/367615ea-4f0a-444c-9ea0-76fd1d122eca/elements [39m[32m200[39m [90m125 ms - 12[39m
[35m[HTTP][39m [90m[39m
[35m[HTTP][39m [37m-->[39m [37mPOST[39m [37m/wd/hub/session/367615ea-4f0a-444c-9ea0-76fd1d122eca/elements[39m
[35m[HTTP][39m [90m{"using":"xpath","value":"//*[@class = 'android.view.View' and @resource-id = 'email_login_cta' and (@text = '' or . = '')]"}[39m
[35m[HTTP][39m [37m<-- POST /wd/hub/session/367615ea-4f0a-444c-9ea0-76fd1d122eca/elements [39m[32m200[39m [90m111 ms - 12[39m
[35m[HTTP][39m [90m[39m
[35m[HTTP][39m [37m-->[39m [37mPOST[39m [37m/wd/hub/session/367615ea-4f0a-444c-9ea0-76fd1d122eca/elements[39m
[35m[HTTP][39m [90m{"using":"xpath","value":"//*[@class = 'android.view.View' and @resource-id = 'email_login_cta' and (@text = '' or . = '')]"}[39m
[35m[HTTP][39m [37m<-- POST /wd/hub/session/367615ea-4f0a-444c-9ea0-76fd1d122eca/elements [39m[32m200[39m [90m116 ms - 12[39m
[35m[HTTP][39m [90m[39m
[35m[HTTP][39m [37m-->[39m [37mPOST[39m [37m/wd/hub/session/367615ea-4f0a-444c-9ea0-76fd1d122eca/elements[39m
[35m[HTTP][39m [90m{"using":"xpath","value":"//*[@class = 'android.view.View' and @resource-id = 'email_login_cta' and (@text = '' or . = '')]"}[39m
[35m[HTTP][39m [37m<-- POST /wd/hub/session/367615ea-4f0a-444c-9ea0-76fd1d122eca/elements [39m[32m200[39m [90m615 ms - 12[39m
[35m[HTTP][39m [90m[39m
[35m[HTTP][39m [37m-->[39m [37mPOST[39m [37m/wd/hub/session/367615ea-4f0a-444c-9ea0-76fd1d122eca/elements[39m
[35m[HTTP][39m [90m{"using":"xpath","value":"//*[@class = 'android.view.View' and @resource-id = 'email_login_cta' and (@text = '' or . = '')]"}[39m
[35m[HTTP][39m [37m<-- POST /wd/hub/session/367615ea-4f0a-444c-9ea0-76fd1d122eca/elements [39m[32m200[39m [90m111 ms - 12[39m
[35m[HTTP][39m [90m[39m
[35m[HTTP][39m [37m-->[39m [37mPOST[39m [37m/wd/hub/session/367615ea-4f0a-444c-9ea0-76fd1d122eca/elements[39m
[35m[HTTP][39m [90m{"using":"xpath","value":"//*[@class = 'android.view.View' and @resource-id = 'email_login_cta' and (@text = '' or . = '')]"}[39m
[35m[HTTP][39m [37m<-- POST /wd/hub/session/367615ea-4f0a-444c-9ea0-76fd1d122eca/elements [39m[32m200[39m [90m128 ms - 12[39m
[35m[HTTP][39m [90m[39m
[35m[HTTP][39m [37m-->[39m [37mPOST[39m [37m/wd/hub/session/367615ea-4f0a-444c-9ea0-76fd1d122eca/elements[39m
[35m[HTTP][39m [90m{"using":"xpath","value":"//*[@class = 'android.view.View' and @resource-id = 'email_login_cta' and (@text = '' or . = '')]"}[39m
[35m[HTTP][39m [37m<-- POST /wd/hub/session/367615ea-4f0a-444c-9ea0-76fd1d122eca/elements [39m[32m200[39m [90m114 ms - 12[39m
[35m[HTTP][39m [90m[39m
[35m[HTTP][39m [37m-->[39m [37mPOST[39m [37m/wd/hub/session/367615ea-4f0a-444c-9ea0-76fd1d122eca/elements[39m
[35m[HTTP][39m [90m{"using":"xpath","value":"//*[@class = 'android.view.View' and @resource-id = 'email_login_cta' and (@text = '' or . = '')]"}[39m
[35m[HTTP][39m [37m<-- POST /wd/hub/session/367615ea-4f0a-444c-9ea0-76fd1d122eca/elements [39m[32m200[39m [90m573 ms - 12[39m
[35m[HTTP][39m [90m[39m
[35m[HTTP][39m [37m-->[39m [37mPOST[39m [37m/wd/hub/session/367615ea-4f0a-444c-9ea0-76fd1d122eca/elements[39m
[35m[HTTP][39m [90m{"using":"xpath","value":"//*[@class = 'android.view.View' and @resource-id = 'email_login_cta' and (@text = '' or . = '')]"}[39m
[35m[HTTP][39m [37m<-- POST /wd/hub/session/367615ea-4f0a-444c-9ea0-76fd1d122eca/elements [39m[32m200[39m [90m128 ms - 12[39m
[35m[HTTP][39m [90m[39m
[35m[HTTP][39m [37m-->[39m [37mPOST[39m [37m/wd/hub/session/367615ea-4f0a-444c-9ea0-76fd1d122eca/elements[39m
[35m[HTTP][39m [90m{"using":"xpath","value":"//*[@class = 'android.view.View' and @resource-id = 'email_login_cta' and (@text = '' or . = '')]"}[39m
[35m[HTTP][39m [37m<-- POST /wd/hub/session/367615ea-4f0a-444c-9ea0-76fd1d122eca/elements [39m[32m200[39m [90m107 ms - 12[39m
[35m[HTTP][39m [90m[39m
[35m[HTTP][39m [37m-->[39m [37mPOST[39m [37m/wd/hub/session/367615ea-4f0a-444c-9ea0-76fd1d122eca/elements[39m
[35m[HTTP][39m [90m{"using":"xpath","value":"//*[@class = 'android.view.View' and @resource-id = 'email_login_cta' and (@text = '' or . = '')]"}[39m
[35m[HTTP][39m [37m<-- POST /wd/hub/session/367615ea-4f0a-444c-9ea0-76fd1d122eca/elements [39m[32m200[39m [90m129 ms - 12[39m
[35m[HTTP][39m [90m[39m
[35m[HTTP][39m [37m-->[39m [37mPOST[39m [37m/wd/hub/session/367615ea-4f0a-444c-9ea0-76fd1d122eca/elements[39m
[35m[HTTP][39m [90m{"using":"xpath","value":"//*[@class = 'android.view.View' and @resource-id = 'email_login_cta' and (@text = '' or . = '')]"}[39m
[35m[HTTP][39m [37m<-- POST /wd/hub/session/367615ea-4f0a-444c-9ea0-76fd1d122eca/elements [39m[32m200[39m [90m1089 ms - 12[39m
[35m[HTTP][39m [90m[39m
[35m[HTTP][39m [37m-->[39m [37mPOST[39m [37m/wd/hub/session/367615ea-4f0a-444c-9ea0-76fd1d122eca/elements[39m
[35m[HTTP][39m [90m{"using":"xpath","value":"//*[@class = 'android.view.View' and @resource-id = 'email_login_cta' and (@text = '' or . = '')]"}[39m
[35m[HTTP][39m [37m<-- POST /wd/hub/session/367615ea-4f0a-444c-9ea0-76fd1d122eca/elements [39m[32m200[39m [90m497 ms - 12[39m
[35m[HTTP][39m [90m[39m
[35m[HTTP][39m [37m-->[39m [37mPOST[39m [37m/wd/hub/session/367615ea-4f0a-444c-9ea0-76fd1d122eca/elements[39m
[35m[HTTP][39m [90m{"using":"xpath","value":"//*[@class = 'android.view.View' and @resource-id = 'email_login_cta' and (@text = '' or . = '')]"}[39m
[35m[HTTP][39m [37m<-- POST /wd/hub/session/367615ea-4f0a-444c-9ea0-76fd1d122eca/elements [39m[32m200[39m [90m110 ms - 12[39m
[35m[HTTP][39m [90m[39m
[35m[HTTP][39m [37m-->[39m [37mPOST[39m [37m/wd/hub/session/367615ea-4f0a-444c-9ea0-76fd1d122eca/elements[39m
[35m[HTTP][39m [90m{"using":"xpath","value":"//*[@class = 'android.view.View' and @resource-id = 'email_login_cta' and (@text = '' or . = '')]"}[39m
[35m[HTTP][39m [37m<-- POST /wd/hub/session/367615ea-4f0a-444c-9ea0-76fd1d122eca/elements [39m[32m200[39m [90m116 ms - 12[39m
[35m[HTTP][39m [90m[39m
[35m[HTTP][39m [37m-->[39m [37mPOST[39m [37m/wd/hub/session/367615ea-4f0a-444c-9ea0-76fd1d122eca/elements[39m
[35m[HTTP][39m [90m{"using":"xpath","value":"//*[@class = 'android.view.View' and @resource-id = 'email_login_cta' and (@text = '' or . = '')]"}[39m
[35m[HTTP][39m [37m<-- POST /wd/hub/session/367615ea-4f0a-444c-9ea0-76fd1d122eca/elements [39m[32m200[39m [90m119 ms - 12[39m
[35m[HTTP][39m [90m[39m
[35m[HTTP][39m [37m-->[39m [37mPOST[39m [37m/wd/hub/session/367615ea-4f0a-444c-9ea0-76fd1d122eca/elements[39m
[35m[HTTP][39m [90m{"using":"xpath","value":"//*[@class = 'android.view.View' and @resource-id = 'email_login_cta' and (@text = '' or . = '')]"}[39m
[35m[HTTP][39m [37m<-- POST /wd/hub/session/367615ea-4f0a-444c-9ea0-76fd1d122eca/elements [39m[32m200[39m [90m598 ms - 12[39m
[35m[HTTP][39m [90m[39m
[35m[HTTP][39m [37m-->[39m [37mPOST[39m [37m/wd/hub/session/367615ea-4f0a-444c-9ea0-76fd1d122eca/elements[39m
[35m[HTTP][39m [90m{"using":"xpath","value":"//*[@class = 'android.view.View' and @resource-id = 'email_login_cta' and (@text = '' or . = '')]"}[39m
[35m[HTTP][39m [37m<-- POST /wd/hub/session/367615ea-4f0a-444c-9ea0-76fd1d122eca/elements [39m[32m200[39m [90m115 ms - 12[39m
[35m[HTTP][39m [90m[39m
[35m[HTTP][39m [37m-->[39m [37mPOST[39m [37m/wd/hub/session/367615ea-4f0a-444c-9ea0-76fd1d122eca/elements[39m
[35m[HTTP][39m [90m{"using":"xpath","value":"//*[@class = 'android.view.View' and @resource-id = 'email_login_cta' and (@text = '' or . = '')]"}[39m
[35m[HTTP][39m [37m<-- POST /wd/hub/session/367615ea-4f0a-444c-9ea0-76fd1d122eca/elements [39m[32m200[39m [90m117 ms - 12[39m
[35m[HTTP][39m [90m[39m
[35m[HTTP][39m [37m-->[39m [37mPOST[39m [37m/wd/hub/session/367615ea-4f0a-444c-9ea0-76fd1d122eca/elements[39m
[35m[HTTP][39m [90m{"using":"xpath","value":"//*[@class = 'android.view.View' and @resource-id = 'email_login_cta' and (@text = '' or . = '')]"}[39m
[35m[HTTP][39m [37m<-- POST /wd/hub/session/367615ea-4f0a-444c-9ea0-76fd1d122eca/elements [39m[32m200[39m [90m136 ms - 12[39m
[35m[HTTP][39m [90m[39m
[35m[HTTP][39m [37m-->[39m [37mPOST[39m [37m/wd/hub/session/367615ea-4f0a-444c-9ea0-76fd1d122eca/elements[39m
[35m[HTTP][39m [90m{"using":"xpath","value":"//*[@class = 'android.view.View' and @resource-id = 'email_login_cta' and (@text = '' or . = '')]"}[39m
[35m[HTTP][39m [37m<-- POST /wd/hub/session/367615ea-4f0a-444c-9ea0-76fd1d122eca/elements [39m[32m200[39m [90m598 ms - 12[39m
[35m[HTTP][39m [90m[39m
[35m[HTTP][39m [37m-->[39m [37mPOST[39m [37m/wd/hub/session/367615ea-4f0a-444c-9ea0-76fd1d122eca/elements[39m
[35m[HTTP][39m [90m{"using":"xpath","value":"//*[@class = 'android.view.View' and @resource-id = 'email_login_cta' and (@text = '' or . = '')]"}[39m
[35m[HTTP][39m [37m<-- POST /wd/hub/session/367615ea-4f0a-444c-9ea0-76fd1d122eca/elements [39m[32m200[39m [90m108 ms - 12[39m
[35m[HTTP][39m [90m[39m
[35m[HTTP][39m [37m-->[39m [37mPOST[39m [37m/wd/hub/session/367615ea-4f0a-444c-9ea0-76fd1d122eca/elements[39m
[35m[HTTP][39m [90m{"using":"xpath","value":"//*[@class = 'android.view.View' and @resource-id = 'email_login_cta' and (@text = '' or . = '')]"}[39m
[35m[HTTP][39m [37m<-- POST /wd/hub/session/367615ea-4f0a-444c-9ea0-76fd1d122eca/elements [39m[32m200[39m [90m114 ms - 12[39m
[35m[HTTP][39m [90m[39m
[35m[HTTP][39m [37m-->[39m [37mPOST[39m [37m/wd/hub/session/367615ea-4f0a-444c-9ea0-76fd1d122eca/elements[39m
[35m[HTTP][39m [90m{"using":"xpath","value":"//*[@class = 'android.view.View' and @resource-id = 'email_login_cta' and (@text = '' or . = '')]"}[39m
[35m[HTTP][39m [37m<-- POST /wd/hub/session/367615ea-4f0a-444c-9ea0-76fd1d122eca/elements [39m[32m200[39m [90m106 ms - 12[39m
[35m[HTTP][39m [90m[39m
[35m[HTTP][39m [37m-->[39m [37mPOST[39m [37m/wd/hub/session/367615ea-4f0a-444c-9ea0-76fd1d122eca/elements[39m
[35m[HTTP][39m [90m{"using":"xpath","value":"//*[@class = 'android.view.View' and @resource-id = 'email_login_cta' and (@text = '' or . = '')]"}[39m
[35m[HTTP][39m [37m<-- POST /wd/hub/session/367615ea-4f0a-444c-9ea0-76fd1d122eca/elements [39m[32m200[39m [90m589 ms - 12[39m
[35m[HTTP][39m [90m[39m
[35m[HTTP][39m [37m-->[39m [37mPOST[39m [37m/wd/hub/session/367615ea-4f0a-444c-9ea0-76fd1d122eca/elements[39m
[35m[HTTP][39m [90m{"using":"xpath","value":"//*[@class = 'android.view.View' and @resource-id = 'email_login_cta' and (@text = '' or . = '')]"}[39m
[35m[HTTP][39m [37m<-- POST /wd/hub/session/367615ea-4f0a-444c-9ea0-76fd1d122eca/elements [39m[32m200[39m [90m117 ms - 12[39m
[35m[HTTP][39m [90m[39m
[35m[HTTP][39m [37m-->[39m [37mPOST[39m [37m/wd/hub/session/367615ea-4f0a-444c-9ea0-76fd1d122eca/elements[39m
[35m[HTTP][39m [90m{"using":"xpath","value":"//*[@class = 'android.view.View' and @resource-id = 'email_login_cta' and (@text = '' or . = '')]"}[39m
[35m[HTTP][39m [37m<-- POST /wd/hub/session/367615ea-4f0a-444c-9ea0-76fd1d122eca/elements [39m[32m200[39m [90m111 ms - 12[39m
[35m[HTTP][39m [90m[39m
[35m[HTTP][39m [37m-->[39m [37mPOST[39m [37m/wd/hub/session/367615ea-4f0a-444c-9ea0-76fd1d122eca/elements[39m
[35m[HTTP][39m [90m{"using":"xpath","value":"//*[@class = 'android.view.View' and @resource-id = 'email_login_cta' and (@text = '' or . = '')]"}[39m
[35m[HTTP][39m [37m<-- POST /wd/hub/session/367615ea-4f0a-444c-9ea0-76fd1d122eca/elements [39m[32m200[39m [90m108 ms - 12[39m
[35m[HTTP][39m [90m[39m
[35m[HTTP][39m [37m-->[39m [37mPOST[39m [37m/wd/hub/session/367615ea-4f0a-444c-9ea0-76fd1d122eca/elements[39m
[35m[HTTP][39m [90m{"using":"xpath","value":"//*[@class = 'android.view.View' and @resource-id = 'email_login_cta' and (@text = '' or . = '')]"}[39m
[35m[HTTP][39m [37m<-- POST /wd/hub/session/367615ea-4f0a-444c-9ea0-76fd1d122eca/elements [39m[32m200[39m [90m107 ms - 12[39m
[35m[HTTP][39m [90m[39m
[35m[HTTP][39m [37m-->[39m [37mPOST[39m [37m/wd/hub/session/367615ea-4f0a-444c-9ea0-76fd1d122eca/timeouts[39m
[35m[HTTP][39m [90m{"implicit":30000}[39m
[35m[HTTP][39m [37m<-- POST /wd/hub/session/367615ea-4f0a-444c-9ea0-76fd1d122eca/timeouts [39m[32m200[39m [90m2 ms - 14[39m
[35m[HTTP][39m [90m[39m
[35m[HTTP][39m [37m-->[39m [37mGET[39m [37m/wd/hub/session/367615ea-4f0a-444c-9ea0-76fd1d122eca/context[39m
[35m[HTTP][39m [90m{}[39m
[35m[HTTP][39m [37m<-- GET /wd/hub/session/367615ea-4f0a-444c-9ea0-76fd1d122eca/context [39m[32m200[39m [90m1 ms - 22[39m
[35m[HTTP][39m [90m[39m
[35m[HTTP][39m [37m-->[39m [37mGET[39m [37m/wd/hub/session/367615ea-4f0a-444c-9ea0-76fd1d122eca/contexts[39m
[35m[HTTP][39m [90m{}[39m
[35m[HTTP][39m [37m<-- GET /wd/hub/session/367615ea-4f0a-444c-9ea0-76fd1d122eca/contexts [39m[32m200[39m [90m129 ms - 68[39m
[35m[HTTP][39m [90m[39m
[35m[HTTP][39m [37m-->[39m [37mPOST[39m [37m/wd/hub/session/367615ea-4f0a-444c-9ea0-76fd1d122eca/context[39m
[35m[HTTP][39m [90m{"name":"NATIVE_APP"}[39m
[35m[HTTP][39m [37m<-- POST /wd/hub/session/367615ea-4f0a-444c-9ea0-76fd1d122eca/context [39m[32m200[39m [90m1 ms - 14[39m
[35m[HTTP][39m [90m[39m
[35m[HTTP][39m [37m-->[39m [37mGET[39m [37m/wd/hub/session/367615ea-4f0a-444c-9ea0-76fd1d122eca/screenshot[39m
[35m[HTTP][39m [90m{}[39m
[35m[HTTP][39m [37m<-- GET /wd/hub/session/367615ea-4f0a-444c-9ea0-76fd1d122eca/screenshot [39m[32m200[39m [90m655 ms - 76830[39m
[35m[HTTP][39m [90m[39m
[35m[HTTP][39m [37m-->[39m [37mPOST[39m [37m/wd/hub/session/367615ea-4f0a-444c-9ea0-76fd1d122eca/context[39m
[35m[HTTP][39m [90m{"name":"NATIVE_APP"}[39m
[35m[HTTP][39m [37m<-- POST /wd/hub/session/367615ea-4f0a-444c-9ea0-76fd1d122eca/context [39m[32m200[39m [90m1 ms - 14[39m
[35m[HTTP][39m [90m[39m
[35m[HTTP][39m [37m-->[39m [37mGET[39m [37m/wd/hub/status[39m
[35m[HTTP][39m [90m{}[39m
[35m[HTTP][39m [37m<-- GET /wd/hub/status [39m[32m200[39m [90m1 ms - 68[39m
[35m[HTTP][39m [90m[39m
[35m[HTTP][39m [37m-->[39m [37mPOST[39m [37m/wd/hub/session[39m
[35m[HTTP][39m [90m{"desiredCapabilities":{"appActivity":".Settings","appPackage":"com.android.settings","newCommandTimeout":1800,"platformVersion":"12","automationName":"uiautomator2","autoGrantPermissions":true,"platformName":"Android","udid":"RR8R5017EJV","deviceName":"samsung SM-A125F (Android 12)","platform":"ANDROID","systemPort":8206},"capabilities":{"firstMatch":[{"appium:appActivity":".Settings","appium:appPackage":"com.android.settings","appium:autoGrantPermissions":true,"appium:automationName":"uiautomator2","appium:deviceName":"samsung SM-A125F (Android 12)","appium:newCommandTimeout":1800,"platform":"ANDROID","platformName":"android","appium:platformVersion":"12","appium:systemPort":8206,"appium:udid":"RR8R5017EJV"}]}}[39m
[35m[BaseDriver][39m The following capabilities are not standard capabilities and should have an extension prefix:
[35m[BaseDriver][39m   platform
[35m[BaseDriver][39m   chromedriverPort
[35m[Appium][39m Appium v1.22.3 creating new AndroidUiautomator2Driver (v1.70.1) session
[35m[BaseDriver][39m The following capabilities were provided, but are not recognized by Appium:
[35m[BaseDriver][39m   platform
[35m[BaseDriver][39m Session created with session id: 23b983b2-c198-4b35-8a03-c38207d6569d
[35m[UiAutomator2][39m Starting 'com.android.settings' directly on the device
[35m[ADB][39m Using 'adb.exe' from 'C:\Users\ichsa\.katalon\tools\android_sdk\platform-tools\adb.exe'
[35m[AndroidDriver][39m Retrieving device list
[35m[AndroidDriver][39m Using device: RR8R5017EJV
[35m[ADB][39m Using 'adb.exe' from 'C:\Users\ichsa\.katalon\tools\android_sdk\platform-tools\adb.exe'
[35m[ADB][39m Getting device platform version
[35m[UiAutomator2][39m Relaxing hidden api policy
[35m[AndroidDriver][39m No app sent in, not parsing package/activity
[35m[UiAutomator2][39m Server packages are not going to be (re)installed
[35m[ADB][39m Adding packages ["io.appium.settings","io.appium.uiautomator2.server","io.appium.uiautomator2.server.test"] to Doze whitelist
[35m[UiAutomator2][39m Starting UIAutomator2 server 4.27.0
[35m[UiAutomator2][39m Using UIAutomator2 server from 'C:\Users\ichsa\AppData\Roaming\npm\node_modules\appium\node_modules\appium-uiautomator2-server\apks\appium-uiautomator2-server-v4.27.0.apk' and test from 'C:\Users\ichsa\AppData\Roaming\npm\node_modules\appium\node_modules\appium-uiautomator2-server\apks\appium-uiautomator2-server-debug-androidTest.apk'
[35m[UiAutomator2][39m Waiting up to 30000ms for UiAutomator2 to be online...
[35m[WD Proxy][39m socket hang up
[35m[WD Proxy][39m socket hang up
[35m[WD Proxy][39m socket hang up
[35m[WD Proxy][39m socket hang up
[35m[WD Proxy][39m Determined the downstream protocol as 'W3C'
[35m[AndroidDriver][39m Screen already unlocked, doing nothing
[35m[UiAutomator2][39m Starting 'com.android.settings/.Settings and waiting for 'com.android.settings/.Settings'
[35m[Appium][39m New AndroidUiautomator2Driver session created successfully, session 23b983b2-c198-4b35-8a03-c38207d6569d added to master session list
[35m[HTTP][39m [37m<-- POST /wd/hub/session [39m[32m200[39m [90m9302 ms - 1156[39m
[35m[HTTP][39m [90m[39m
[35m[HTTP][39m [37m-->[39m [37mGET[39m [37m/wd/hub/session/23b983b2-c198-4b35-8a03-c38207d6569d[39m
[35m[HTTP][39m [90m{}[39m
[35m[HTTP][39m [37m<-- GET /wd/hub/session/23b983b2-c198-4b35-8a03-c38207d6569d [39m[32m200[39m [90m16 ms - 1110[39m
[35m[HTTP][39m [90m[39m
[35m[HTTP][39m [37m-->[39m [37mGET[39m [37m/wd/hub/session/23b983b2-c198-4b35-8a03-c38207d6569d[39m
[35m[HTTP][39m [90m{}[39m
[35m[HTTP][39m [37m<-- GET /wd/hub/session/23b983b2-c198-4b35-8a03-c38207d6569d [39m[32m200[39m [90m14 ms - 1110[39m
[35m[HTTP][39m [90m[39m
[35m[HTTP][39m [37m-->[39m [37mGET[39m [37m/wd/hub/status[39m
[35m[HTTP][39m [90m{}[39m
[35m[HTTP][39m [37m<-- GET /wd/hub/status [39m[32m200[39m [90m0 ms - 68[39m
[35m[HTTP][39m [90m[39m
[35m[HTTP][39m [37m-->[39m [37mPOST[39m [37m/wd/hub/session/23b983b2-c198-4b35-8a03-c38207d6569d/timeouts[39m
[35m[HTTP][39m [90m{"implicit":30000}[39m
[35m[HTTP][39m [37m<-- POST /wd/hub/session/23b983b2-c198-4b35-8a03-c38207d6569d/timeouts [39m[32m200[39m [90m10 ms - 14[39m
[35m[HTTP][39m [90m[39m
[35m[HTTP][39m [37m-->[39m [37mGET[39m [37m/wd/hub/session/23b983b2-c198-4b35-8a03-c38207d6569d/screenshot[39m
[35m[HTTP][39m [90m{}[39m
[35m[HTTP][39m [37m<-- GET /wd/hub/session/23b983b2-c198-4b35-8a03-c38207d6569d/screenshot [39m[32m200[39m [90m741 ms - 126382[39m
[35m[HTTP][39m [90m[39m
[35m[HTTP][39m [37m-->[39m [37mGET[39m [37m/wd/hub/session/23b983b2-c198-4b35-8a03-c38207d6569d/window/rect[39m
[35m[HTTP][39m [90m{}[39m
[35m[HTTP][39m [37m<-- GET /wd/hub/session/23b983b2-c198-4b35-8a03-c38207d6569d/window/rect [39m[32m200[39m [90m14 ms - 49[39m
[35m[HTTP][39m [90m[39m
[35m[HTTP][39m [37m-->[39m [37mGET[39m [37m/wd/hub/session/23b983b2-c198-4b35-8a03-c38207d6569d/appium/device/system_bars[39m
[35m[HTTP][39m [90m{}[39m
[35m[HTTP][39m [37m<-- GET /wd/hub/session/23b983b2-c198-4b35-8a03-c38207d6569d/appium/device/system_bars [39m[32m200[39m [90m97 ms - 145[39m
[35m[HTTP][39m [90m[39m
[35m[HTTP][39m [37m-->[39m [37mPOST[39m [37m/wd/hub/session/23b983b2-c198-4b35-8a03-c38207d6569d/appium/device/activate_app[39m
[35m[HTTP][39m [90m{"bundleId":"id.co.labamu.app"}[39m
[35m[HTTP][39m [37m<-- POST /wd/hub/session/23b983b2-c198-4b35-8a03-c38207d6569d/appium/device/activate_app [39m[32m200[39m [90m967 ms - 14[39m
[35m[HTTP][39m [90m[39m
[35m[HTTP][39m [37m-->[39m [37mPOST[39m [37m/wd/hub/session/23b983b2-c198-4b35-8a03-c38207d6569d/timeouts[39m
[35m[HTTP][39m [90m{"implicit":50}[39m
[35m[HTTP][39m [37m<-- POST /wd/hub/session/23b983b2-c198-4b35-8a03-c38207d6569d/timeouts [39m[32m200[39m [90m1 ms - 14[39m
[35m[HTTP][39m [90m[39m
[35m[HTTP][39m [37m-->[39m [37mGET[39m [37m/wd/hub/session/23b983b2-c198-4b35-8a03-c38207d6569d/window/rect[39m
[35m[HTTP][39m [90m{}[39m
[35m[HTTP][39m [37m<-- GET /wd/hub/session/23b983b2-c198-4b35-8a03-c38207d6569d/window/rect [39m[32m200[39m [90m15 ms - 49[39m
[35m[HTTP][39m [90m[39m
[35m[HTTP][39m [37m-->[39m [37mPOST[39m [37m/wd/hub/session/23b983b2-c198-4b35-8a03-c38207d6569d/elements[39m
[35m[HTTP][39m [90m{"using":"xpath","value":"//*[@class = 'android.widget.Button' and (@text = 'While using the app' or . = 'While using the app') and @resource-id = 'com.android.permissioncontroller:id/permission_allow_foreground_only_button']"}[39m
[35m[HTTP][39m [37m<-- POST /wd/hub/session/23b983b2-c198-4b35-8a03-c38207d6569d/elements [39m[32m200[39m [90m1250 ms - 12[39m
[35m[HTTP][39m [90m[39m
[35m[HTTP][39m [37m-->[39m [37mPOST[39m [37m/wd/hub/session/23b983b2-c198-4b35-8a03-c38207d6569d/elements[39m
[35m[HTTP][39m [90m{"using":"xpath","value":"//*[@class = 'android.widget.Button' and (@text = 'While using the app' or . = 'While using the app') and @resource-id = 'com.android.permissioncontroller:id/permission_allow_foreground_only_button']"}[39m
[35m[HTTP][39m [37m<-- POST /wd/hub/session/23b983b2-c198-4b35-8a03-c38207d6569d/elements [39m[32m200[39m [90m248 ms - 12[39m
[35m[HTTP][39m [90m[39m
[35m[HTTP][39m [37m-->[39m [37mPOST[39m [37m/wd/hub/session/23b983b2-c198-4b35-8a03-c38207d6569d/elements[39m
[35m[HTTP][39m [90m{"using":"xpath","value":"//*[@class = 'android.widget.Button' and (@text = 'While using the app' or . = 'While using the app') and @resource-id = 'com.android.permissioncontroller:id/permission_allow_foreground_only_button']"}[39m
[35m[HTTP][39m [37m<-- POST /wd/hub/session/23b983b2-c198-4b35-8a03-c38207d6569d/elements [39m[32m200[39m [90m972 ms - 12[39m
[35m[HTTP][39m [90m[39m
[35m[HTTP][39m [37m-->[39m [37mPOST[39m [37m/wd/hub/session/23b983b2-c198-4b35-8a03-c38207d6569d/elements[39m
[35m[HTTP][39m [90m{"using":"xpath","value":"//*[@class = 'android.widget.Button' and (@text = 'While using the app' or . = 'While using the app') and @resource-id = 'com.android.permissioncontroller:id/permission_allow_foreground_only_button']"}[39m
[35m[HTTP][39m [37m<-- POST /wd/hub/session/23b983b2-c198-4b35-8a03-c38207d6569d/elements [39m[32m200[39m [90m136 ms - 12[39m
[35m[HTTP][39m [90m[39m
[35m[HTTP][39m [37m-->[39m [37mPOST[39m [37m/wd/hub/session/23b983b2-c198-4b35-8a03-c38207d6569d/elements[39m
[35m[HTTP][39m [90m{"using":"xpath","value":"//*[@class = 'android.widget.Button' and (@text = 'While using the app' or . = 'While using the app') and @resource-id = 'com.android.permissioncontroller:id/permission_allow_foreground_only_button']"}[39m
[35m[HTTP][39m [37m<-- POST /wd/hub/session/23b983b2-c198-4b35-8a03-c38207d6569d/elements [39m[32m200[39m [90m185 ms - 12[39m
[35m[HTTP][39m [90m[39m
[35m[HTTP][39m [37m-->[39m [37mPOST[39m [37m/wd/hub/session/23b983b2-c198-4b35-8a03-c38207d6569d/elements[39m
[35m[HTTP][39m [90m{"using":"xpath","value":"//*[@class = 'android.widget.Button' and (@text = 'While using the app' or . = 'While using the app') and @resource-id = 'com.android.permissioncontroller:id/permission_allow_foreground_only_button']"}[39m
[35m[HTTP][39m [37m<-- POST /wd/hub/session/23b983b2-c198-4b35-8a03-c38207d6569d/elements [39m[32m200[39m [90m901 ms - 12[39m
[35m[HTTP][39m [90m[39m
[35m[HTTP][39m [37m-->[39m [37mPOST[39m [37m/wd/hub/session/23b983b2-c198-4b35-8a03-c38207d6569d/elements[39m
[35m[HTTP][39m [90m{"using":"xpath","value":"//*[@class = 'android.widget.Button' and (@text = 'While using the app' or . = 'While using the app') and @resource-id = 'com.android.permissioncontroller:id/permission_allow_foreground_only_button']"}[39m
[35m[HTTP][39m [37m<-- POST /wd/hub/session/23b983b2-c198-4b35-8a03-c38207d6569d/elements [39m[32m200[39m [90m196 ms - 12[39m
[35m[HTTP][39m [90m[39m
[35m[HTTP][39m [37m-->[39m [37mPOST[39m [37m/wd/hub/session/23b983b2-c198-4b35-8a03-c38207d6569d/elements[39m
[35m[HTTP][39m [90m{"using":"xpath","value":"//*[@class = 'android.widget.Button' and (@text = 'While using the app' or . = 'While using the app') and @resource-id = 'com.android.permissioncontroller:id/permission_allow_foreground_only_button']"}[39m
[35m[HTTP][39m [37m<-- POST /wd/hub/session/23b983b2-c198-4b35-8a03-c38207d6569d/elements [39m[32m200[39m [90m198 ms - 12[39m
[35m[HTTP][39m [90m[39m
[35m[HTTP][39m [37m-->[39m [37mPOST[39m [37m/wd/hub/session/23b983b2-c198-4b35-8a03-c38207d6569d/elements[39m
[35m[HTTP][39m [90m{"using":"xpath","value":"//*[@class = 'android.widget.Button' and (@text = 'While using the app' or . = 'While using the app') and @resource-id = 'com.android.permissioncontroller:id/permission_allow_foreground_only_button']"}[39m
[35m[HTTP][39m [37m<-- POST /wd/hub/session/23b983b2-c198-4b35-8a03-c38207d6569d/elements [39m[32m200[39m [90m169 ms - 12[39m
[35m[HTTP][39m [90m[39m
[35m[HTTP][39m [37m-->[39m [37mPOST[39m [37m/wd/hub/session/23b983b2-c198-4b35-8a03-c38207d6569d/elements[39m
[35m[HTTP][39m [90m{"using":"xpath","value":"//*[@class = 'android.widget.Button' and (@text = 'While using the app' or . = 'While using the app') and @resource-id = 'com.android.permissioncontroller:id/permission_allow_foreground_only_button']"}[39m
[35m[HTTP][39m [37m<-- POST /wd/hub/session/23b983b2-c198-4b35-8a03-c38207d6569d/elements [39m[32m200[39m [90m178 ms - 12[39m
[35m[HTTP][39m [90m[39m
[35m[HTTP][39m [37m-->[39m [37mPOST[39m [37m/wd/hub/session/23b983b2-c198-4b35-8a03-c38207d6569d/elements[39m
[35m[HTTP][39m [90m{"using":"xpath","value":"//*[@class = 'android.widget.Button' and (@text = 'While using the app' or . = 'While using the app') and @resource-id = 'com.android.permissioncontroller:id/permission_allow_foreground_only_button']"}[39m
[35m[HTTP][39m [37m<-- POST /wd/hub/session/23b983b2-c198-4b35-8a03-c38207d6569d/elements [39m[32m200[39m [90m201 ms - 12[39m
[35m[HTTP][39m [90m[39m
[35m[HTTP][39m [37m-->[39m [37mPOST[39m [37m/wd/hub/session/23b983b2-c198-4b35-8a03-c38207d6569d/elements[39m
[35m[HTTP][39m [90m{"using":"xpath","value":"//*[@class = 'android.widget.Button' and (@text = 'While using the app' or . = 'While using the app') and @resource-id = 'com.android.permissioncontroller:id/permission_allow_foreground_only_button']"}[39m
[35m[HTTP][39m [37m<-- POST /wd/hub/session/23b983b2-c198-4b35-8a03-c38207d6569d/elements [39m[32m200[39m [90m199 ms - 12[39m
[35m[HTTP][39m [90m[39m
[35m[HTTP][39m [37m-->[39m [37mPOST[39m [37m/wd/hub/session/23b983b2-c198-4b35-8a03-c38207d6569d/elements[39m
[35m[HTTP][39m [90m{"using":"xpath","value":"//*[@class = 'android.widget.Button' and (@text = 'While using the app' or . = 'While using the app') and @resource-id = 'com.android.permissioncontroller:id/permission_allow_foreground_only_button']"}[39m
[35m[HTTP][39m [37m<-- POST /wd/hub/session/23b983b2-c198-4b35-8a03-c38207d6569d/elements [39m[32m200[39m [90m178 ms - 12[39m
[35m[HTTP][39m [90m[39m
[35m[HTTP][39m [37m-->[39m [37mPOST[39m [37m/wd/hub/session/23b983b2-c198-4b35-8a03-c38207d6569d/timeouts[39m
[35m[HTTP][39m [90m{"implicit":30000}[39m
[35m[HTTP][39m [37m<-- POST /wd/hub/session/23b983b2-c198-4b35-8a03-c38207d6569d/timeouts [39m[32m200[39m [90m1 ms - 14[39m
[35m[HTTP][39m [90m[39m
[35m[HTTP][39m [37m-->[39m [37mPOST[39m [37m/wd/hub/session/23b983b2-c198-4b35-8a03-c38207d6569d/timeouts[39m
[35m[HTTP][39m [90m{"implicit":50}[39m
[35m[HTTP][39m [37m<-- POST /wd/hub/session/23b983b2-c198-4b35-8a03-c38207d6569d/timeouts [39m[32m200[39m [90m1 ms - 14[39m
[35m[HTTP][39m [90m[39m
[35m[HTTP][39m [37m-->[39m [37mGET[39m [37m/wd/hub/session/23b983b2-c198-4b35-8a03-c38207d6569d/window/rect[39m
[35m[HTTP][39m [90m{}[39m
[35m[HTTP][39m [37m<-- GET /wd/hub/session/23b983b2-c198-4b35-8a03-c38207d6569d/window/rect [39m[32m200[39m [90m17 ms - 49[39m
[35m[HTTP][39m [90m[39m
[35m[HTTP][39m [37m-->[39m [37mPOST[39m [37m/wd/hub/session/23b983b2-c198-4b35-8a03-c38207d6569d/elements[39m
[35m[HTTP][39m [90m{"using":"xpath","value":"//*[@class = 'android.view.View' and @resource-id = 'email_login_cta' and (@text = '' or . = '')]"}[39m
[35m[HTTP][39m [37m<-- POST /wd/hub/session/23b983b2-c198-4b35-8a03-c38207d6569d/elements [39m[32m200[39m [90m170 ms - 139[39m
[35m[HTTP][39m [90m[39m
[35m[HTTP][39m [37m-->[39m [37mGET[39m [37m/wd/hub/session/23b983b2-c198-4b35-8a03-c38207d6569d/element/00000000-0000-016b-0000-001a00000004/location[39m
[35m[HTTP][39m [90m{}[39m
[35m[W3C (23b983b2)][39m Driver proxy active, passing request on via HTTP proxy
[35m[WD Proxy][39m Replacing sessionId e1678bfe-c41d-4dc8-ab42-9fd23046a441 with 23b983b2-c198-4b35-8a03-c38207d6569d
[35m[HTTP][39m [37m<-- GET /wd/hub/session/23b983b2-c198-4b35-8a03-c38207d6569d/element/00000000-0000-016b-0000-001a00000004/location [39m[32m200[39m [90m28 ms - 78[39m
[35m[HTTP][39m [90m[39m
[35m[HTTP][39m [37m-->[39m [37mPOST[39m [37m/wd/hub/session/23b983b2-c198-4b35-8a03-c38207d6569d/timeouts[39m
[35m[HTTP][39m [90m{"implicit":30000}[39m
[35m[HTTP][39m [37m<-- POST /wd/hub/session/23b983b2-c198-4b35-8a03-c38207d6569d/timeouts [39m[32m200[39m [90m1 ms - 14[39m
[35m[HTTP][39m [90m[39m
[35m[HTTP][39m [37m-->[39m [37mPOST[39m [37m/wd/hub/session/23b983b2-c198-4b35-8a03-c38207d6569d/timeouts[39m
[35m[HTTP][39m [90m{"implicit":50}[39m
[35m[HTTP][39m [37m<-- POST /wd/hub/session/23b983b2-c198-4b35-8a03-c38207d6569d/timeouts [39m[32m200[39m [90m1 ms - 14[39m
[35m[HTTP][39m [90m[39m
[35m[HTTP][39m [37m-->[39m [37mGET[39m [37m/wd/hub/session/23b983b2-c198-4b35-8a03-c38207d6569d/window/rect[39m
[35m[HTTP][39m [90m{}[39m
[35m[HTTP][39m [37m<-- GET /wd/hub/session/23b983b2-c198-4b35-8a03-c38207d6569d/window/rect [39m[32m200[39m [90m15 ms - 49[39m
[35m[HTTP][39m [90m[39m
[35m[HTTP][39m [37m-->[39m [37mPOST[39m [37m/wd/hub/session/23b983b2-c198-4b35-8a03-c38207d6569d/elements[39m
[35m[HTTP][39m [90m{"using":"xpath","value":"//*[@class = 'android.view.View' and @resource-id = 'email_login_cta' and (@text = '' or . = '')]"}[39m
[35m[HTTP][39m [37m<-- POST /wd/hub/session/23b983b2-c198-4b35-8a03-c38207d6569d/elements [39m[32m200[39m [90m171 ms - 139[39m
[35m[HTTP][39m [90m[39m
[35m[HTTP][39m [37m-->[39m [37mGET[39m [37m/wd/hub/session/23b983b2-c198-4b35-8a03-c38207d6569d/element/00000000-0000-016b-0000-001a00000004/location[39m
[35m[HTTP][39m [90m{}[39m
[35m[W3C (23b983b2)][39m Driver proxy active, passing request on via HTTP proxy
[35m[WD Proxy][39m Replacing sessionId e1678bfe-c41d-4dc8-ab42-9fd23046a441 with 23b983b2-c198-4b35-8a03-c38207d6569d
[35m[HTTP][39m [37m<-- GET /wd/hub/session/23b983b2-c198-4b35-8a03-c38207d6569d/element/00000000-0000-016b-0000-001a00000004/location [39m[32m200[39m [90m28 ms - 78[39m
[35m[HTTP][39m [90m[39m
[35m[HTTP][39m [37m-->[39m [37mPOST[39m [37m/wd/hub/session/23b983b2-c198-4b35-8a03-c38207d6569d/timeouts[39m
[35m[HTTP][39m [90m{"implicit":30000}[39m
[35m[HTTP][39m [37m<-- POST /wd/hub/session/23b983b2-c198-4b35-8a03-c38207d6569d/timeouts [39m[32m200[39m [90m3 ms - 14[39m
[35m[HTTP][39m [90m[39m
[35m[HTTP][39m [37m-->[39m [37mPOST[39m [37m/wd/hub/session/23b983b2-c198-4b35-8a03-c38207d6569d/element/00000000-0000-016b-0000-001a00000004/click[39m
[35m[HTTP][39m [90m{"id":"00000000-0000-016b-0000-001a00000004"}[39m
[35m[HTTP][39m [37m<-- POST /wd/hub/session/23b983b2-c198-4b35-8a03-c38207d6569d/element/00000000-0000-016b-0000-001a00000004/click [39m[32m200[39m [90m79 ms - 14[39m
[35m[HTTP][39m [90m[39m
[35m[HTTP][39m [37m-->[39m [37mPOST[39m [37m/wd/hub/session/23b983b2-c198-4b35-8a03-c38207d6569d/timeouts[39m
[35m[HTTP][39m [90m{"implicit":50}[39m
[35m[HTTP][39m [37m<-- POST /wd/hub/session/23b983b2-c198-4b35-8a03-c38207d6569d/timeouts [39m[32m200[39m [90m1 ms - 14[39m
[35m[HTTP][39m [90m[39m
[35m[HTTP][39m [37m-->[39m [37mGET[39m [37m/wd/hub/session/23b983b2-c198-4b35-8a03-c38207d6569d/window/rect[39m
[35m[HTTP][39m [90m{}[39m
[35m[HTTP][39m [37m<-- GET /wd/hub/session/23b983b2-c198-4b35-8a03-c38207d6569d/window/rect [39m[32m200[39m [90m16 ms - 49[39m
[35m[HTTP][39m [90m[39m
[35m[HTTP][39m [37m-->[39m [37mPOST[39m [37m/wd/hub/session/23b983b2-c198-4b35-8a03-c38207d6569d/elements[39m
[35m[HTTP][39m [90m{"using":"xpath","value":"//*[@class = 'android.widget.EditText' and @resource-id = 'input_email_field' and (@text = '' or . = '')]"}[39m
[35m[HTTP][39m [37m<-- POST /wd/hub/session/23b983b2-c198-4b35-8a03-c38207d6569d/elements [39m[32m200[39m [90m638 ms - 139[39m
[35m[HTTP][39m [90m[39m
[35m[HTTP][39m [37m-->[39m [37mGET[39m [37m/wd/hub/session/23b983b2-c198-4b35-8a03-c38207d6569d/element/00000000-0000-016b-0000-001d00000004/location[39m
[35m[HTTP][39m [90m{}[39m
[35m[W3C (23b983b2)][39m Driver proxy active, passing request on via HTTP proxy
[35m[WD Proxy][39m Replacing sessionId e1678bfe-c41d-4dc8-ab42-9fd23046a441 with 23b983b2-c198-4b35-8a03-c38207d6569d
[35m[HTTP][39m [37m<-- GET /wd/hub/session/23b983b2-c198-4b35-8a03-c38207d6569d/element/00000000-0000-016b-0000-001d00000004/location [39m[32m200[39m [90m30 ms - 77[39m
[35m[HTTP][39m [90m[39m
[35m[HTTP][39m [37m-->[39m [37mPOST[39m [37m/wd/hub/session/23b983b2-c198-4b35-8a03-c38207d6569d/timeouts[39m
[35m[HTTP][39m [90m{"implicit":30000}[39m
[35m[HTTP][39m [37m<-- POST /wd/hub/session/23b983b2-c198-4b35-8a03-c38207d6569d/timeouts [39m[32m200[39m [90m1 ms - 14[39m
[35m[HTTP][39m [90m[39m
[35m[HTTP][39m [37m-->[39m [37mPOST[39m [37m/wd/hub/session/23b983b2-c198-4b35-8a03-c38207d6569d/timeouts[39m
[35m[HTTP][39m [90m{"implicit":50}[39m
[35m[HTTP][39m [37m<-- POST /wd/hub/session/23b983b2-c198-4b35-8a03-c38207d6569d/timeouts [39m[32m200[39m [90m1 ms - 14[39m
[35m[HTTP][39m [90m[39m
[35m[HTTP][39m [37m-->[39m [37mGET[39m [37m/wd/hub/session/23b983b2-c198-4b35-8a03-c38207d6569d/window/rect[39m
[35m[HTTP][39m [90m{}[39m
[35m[HTTP][39m [37m<-- GET /wd/hub/session/23b983b2-c198-4b35-8a03-c38207d6569d/window/rect [39m[32m200[39m [90m18 ms - 49[39m
[35m[HTTP][39m [90m[39m
[35m[HTTP][39m [37m-->[39m [37mPOST[39m [37m/wd/hub/session/23b983b2-c198-4b35-8a03-c38207d6569d/elements[39m
[35m[HTTP][39m [90m{"using":"xpath","value":"//*[@class = 'android.widget.EditText' and @resource-id = 'input_email_field' and (@text = '' or . = '')]"}[39m
[35m[HTTP][39m [37m<-- POST /wd/hub/session/23b983b2-c198-4b35-8a03-c38207d6569d/elements [39m[32m200[39m [90m155 ms - 139[39m
[35m[HTTP][39m [90m[39m
[35m[HTTP][39m [37m-->[39m [37mGET[39m [37m/wd/hub/session/23b983b2-c198-4b35-8a03-c38207d6569d/element/00000000-0000-016b-0000-001d00000004/location[39m
[35m[HTTP][39m [90m{}[39m
[35m[W3C (23b983b2)][39m Driver proxy active, passing request on via HTTP proxy
[35m[WD Proxy][39m Replacing sessionId e1678bfe-c41d-4dc8-ab42-9fd23046a441 with 23b983b2-c198-4b35-8a03-c38207d6569d
[35m[HTTP][39m [37m<-- GET /wd/hub/session/23b983b2-c198-4b35-8a03-c38207d6569d/element/00000000-0000-016b-0000-001d00000004/location [39m[32m200[39m [90m32 ms - 77[39m
[35m[HTTP][39m [90m[39m
[35m[HTTP][39m [37m-->[39m [37mPOST[39m [37m/wd/hub/session/23b983b2-c198-4b35-8a03-c38207d6569d/timeouts[39m
[35m[HTTP][39m [90m{"implicit":30000}[39m
[35m[HTTP][39m [37m<-- POST /wd/hub/session/23b983b2-c198-4b35-8a03-c38207d6569d/timeouts [39m[32m200[39m [90m3 ms - 14[39m
[35m[HTTP][39m [90m[39m
[35m[HTTP][39m [37m-->[39m [37mPOST[39m [37m/wd/hub/session/23b983b2-c198-4b35-8a03-c38207d6569d/element/00000000-0000-016b-0000-001d00000004/click[39m
[35m[HTTP][39m [90m{"id":"00000000-0000-016b-0000-001d00000004"}[39m
[35m[HTTP][39m [37m<-- POST /wd/hub/session/23b983b2-c198-4b35-8a03-c38207d6569d/element/00000000-0000-016b-0000-001d00000004/click [39m[32m200[39m [90m67 ms - 14[39m
[35m[HTTP][39m [90m[39m
[35m[HTTP][39m [37m-->[39m [37mPOST[39m [37m/wd/hub/session/23b983b2-c198-4b35-8a03-c38207d6569d/timeouts[39m
[35m[HTTP][39m [90m{"implicit":50}[39m
[35m[HTTP][39m [37m<-- POST /wd/hub/session/23b983b2-c198-4b35-8a03-c38207d6569d/timeouts [39m[32m200[39m [90m1 ms - 14[39m
[35m[HTTP][39m [90m[39m
[35m[HTTP][39m [37m-->[39m [37mGET[39m [37m/wd/hub/session/23b983b2-c198-4b35-8a03-c38207d6569d/window/rect[39m
[35m[HTTP][39m [90m{}[39m
[35m[HTTP][39m [37m<-- GET /wd/hub/session/23b983b2-c198-4b35-8a03-c38207d6569d/window/rect [39m[32m200[39m [90m22 ms - 49[39m
[35m[HTTP][39m [90m[39m
[35m[HTTP][39m [37m-->[39m [37mPOST[39m [37m/wd/hub/session/23b983b2-c198-4b35-8a03-c38207d6569d/elements[39m
[35m[HTTP][39m [90m{"using":"xpath","value":"//*[@class = 'android.widget.EditText' and @resource-id = 'input_email_field' and (@text = '' or . = '')]"}[39m
[35m[HTTP][39m [37m<-- POST /wd/hub/session/23b983b2-c198-4b35-8a03-c38207d6569d/elements [39m[32m200[39m [90m2248 ms - 139[39m
[35m[HTTP][39m [90m[39m
[35m[HTTP][39m [37m-->[39m [37mGET[39m [37m/wd/hub/session/23b983b2-c198-4b35-8a03-c38207d6569d/element/00000000-0000-016b-0000-001d00000004/location[39m
[35m[HTTP][39m [90m{}[39m
[35m[W3C (23b983b2)][39m Driver proxy active, passing request on via HTTP proxy
[35m[WD Proxy][39m Replacing sessionId e1678bfe-c41d-4dc8-ab42-9fd23046a441 with 23b983b2-c198-4b35-8a03-c38207d6569d
[35m[HTTP][39m [37m<-- GET /wd/hub/session/23b983b2-c198-4b35-8a03-c38207d6569d/element/00000000-0000-016b-0000-001d00000004/location [39m[32m200[39m [90m27 ms - 77[39m
[35m[HTTP][39m [90m[39m
[35m[HTTP][39m [37m-->[39m [37mPOST[39m [37m/wd/hub/session/23b983b2-c198-4b35-8a03-c38207d6569d/timeouts[39m
[35m[HTTP][39m [90m{"implicit":30000}[39m
[35m[HTTP][39m [37m<-- POST /wd/hub/session/23b983b2-c198-4b35-8a03-c38207d6569d/timeouts [39m[32m200[39m [90m1 ms - 14[39m
[35m[HTTP][39m [90m[39m
[35m[HTTP][39m [37m-->[39m [37mPOST[39m [37m/wd/hub/session/23b983b2-c198-4b35-8a03-c38207d6569d/element/00000000-0000-016b-0000-001d00000004/clear[39m
[35m[HTTP][39m [90m{"id":"00000000-0000-016b-0000-001d00000004"}[39m
[35m[HTTP][39m [37m<-- POST /wd/hub/session/23b983b2-c198-4b35-8a03-c38207d6569d/element/00000000-0000-016b-0000-001d00000004/clear [39m[32m200[39m [90m43 ms - 14[39m
[35m[HTTP][39m [90m[39m
[35m[HTTP][39m [37m-->[39m [37mPOST[39m [37m/wd/hub/session/23b983b2-c198-4b35-8a03-c38207d6569d/element/00000000-0000-016b-0000-001d00000004/value[39m
[35m[HTTP][39m [90m{"id":"00000000-0000-016b-0000-001d00000004","text":"prod@gmail","value":["p","r","o","d","@","g","m","a","i","l"]}[39m
[35m[HTTP][39m [37m<-- POST /wd/hub/session/23b983b2-c198-4b35-8a03-c38207d6569d/element/00000000-0000-016b-0000-001d00000004/value [39m[32m200[39m [90m58 ms - 14[39m
[35m[HTTP][39m [90m[39m
[35m[HTTP][39m [37m-->[39m [37mPOST[39m [37m/wd/hub/session/23b983b2-c198-4b35-8a03-c38207d6569d/timeouts[39m
[35m[HTTP][39m [90m{"implicit":50}[39m
[35m[HTTP][39m [37m<-- POST /wd/hub/session/23b983b2-c198-4b35-8a03-c38207d6569d/timeouts [39m[32m200[39m [90m2 ms - 14[39m
[35m[HTTP][39m [90m[39m
[35m[HTTP][39m [37m-->[39m [37mGET[39m [37m/wd/hub/session/23b983b2-c198-4b35-8a03-c38207d6569d/window/rect[39m
[35m[HTTP][39m [90m{}[39m
[35m[HTTP][39m [37m<-- GET /wd/hub/session/23b983b2-c198-4b35-8a03-c38207d6569d/window/rect [39m[32m200[39m [90m20 ms - 49[39m
[35m[HTTP][39m [90m[39m
[35m[HTTP][39m [37m-->[39m [37mPOST[39m [37m/wd/hub/session/23b983b2-c198-4b35-8a03-c38207d6569d/elements[39m
[35m[HTTP][39m [90m{"using":"xpath","value":"//*[@class = 'android.widget.CheckBox' and @resource-id = '' and (@text = '' or . = '')]"}[39m
[35m[HTTP][39m [37m<-- POST /wd/hub/session/23b983b2-c198-4b35-8a03-c38207d6569d/elements [39m[32m200[39m [90m632 ms - 139[39m
[35m[HTTP][39m [90m[39m
[35m[HTTP][39m [37m-->[39m [37mGET[39m [37m/wd/hub/session/23b983b2-c198-4b35-8a03-c38207d6569d/element/00000000-0000-016b-0000-001e00000004/location[39m
[35m[HTTP][39m [90m{}[39m
[35m[W3C (23b983b2)][39m Driver proxy active, passing request on via HTTP proxy
[35m[WD Proxy][39m Replacing sessionId e1678bfe-c41d-4dc8-ab42-9fd23046a441 with 23b983b2-c198-4b35-8a03-c38207d6569d
[35m[HTTP][39m [37m<-- GET /wd/hub/session/23b983b2-c198-4b35-8a03-c38207d6569d/element/00000000-0000-016b-0000-001e00000004/location [39m[32m200[39m [90m33 ms - 77[39m
[35m[HTTP][39m [90m[39m
[35m[HTTP][39m [37m-->[39m [37mPOST[39m [37m/wd/hub/session/23b983b2-c198-4b35-8a03-c38207d6569d/timeouts[39m
[35m[HTTP][39m [90m{"implicit":30000}[39m
[35m[HTTP][39m [37m<-- POST /wd/hub/session/23b983b2-c198-4b35-8a03-c38207d6569d/timeouts [39m[32m200[39m [90m2 ms - 14[39m
[35m[HTTP][39m [90m[39m
[35m[HTTP][39m [37m-->[39m [37mPOST[39m [37m/wd/hub/session/23b983b2-c198-4b35-8a03-c38207d6569d/element/00000000-0000-016b-0000-001e00000004/click[39m
[35m[HTTP][39m [90m{"id":"00000000-0000-016b-0000-001e00000004"}[39m
[35m[HTTP][39m [37m<-- POST /wd/hub/session/23b983b2-c198-4b35-8a03-c38207d6569d/element/00000000-0000-016b-0000-001e00000004/click [39m[32m200[39m [90m59 ms - 14[39m
[35m[HTTP][39m [90m[39m
[35m[HTTP][39m [37m-->[39m [37mPOST[39m [37m/wd/hub/session/23b983b2-c198-4b35-8a03-c38207d6569d/timeouts[39m
[35m[HTTP][39m [90m{"implicit":50}[39m
[35m[HTTP][39m [37m<-- POST /wd/hub/session/23b983b2-c198-4b35-8a03-c38207d6569d/timeouts [39m[32m200[39m [90m1 ms - 14[39m
[35m[HTTP][39m [90m[39m
[35m[HTTP][39m [37m-->[39m [37mGET[39m [37m/wd/hub/session/23b983b2-c198-4b35-8a03-c38207d6569d/window/rect[39m
[35m[HTTP][39m [90m{}[39m
[35m[HTTP][39m [37m<-- GET /wd/hub/session/23b983b2-c198-4b35-8a03-c38207d6569d/window/rect [39m[32m200[39m [90m21 ms - 49[39m
[35m[HTTP][39m [90m[39m
[35m[HTTP][39m [37m-->[39m [37mPOST[39m [37m/wd/hub/session/23b983b2-c198-4b35-8a03-c38207d6569d/elements[39m
[35m[HTTP][39m [90m{"using":"accessibility id","value":"Masuk"}[39m
[35m[HTTP][39m [37m<-- POST /wd/hub/session/23b983b2-c198-4b35-8a03-c38207d6569d/elements [39m[32m200[39m [90m683 ms - 139[39m
[35m[HTTP][39m [90m[39m
[35m[HTTP][39m [37m-->[39m [37mGET[39m [37m/wd/hub/session/23b983b2-c198-4b35-8a03-c38207d6569d/element/00000000-0000-016b-0000-002b00000004/location[39m
[35m[HTTP][39m [90m{}[39m
[35m[W3C (23b983b2)][39m Driver proxy active, passing request on via HTTP proxy
[35m[WD Proxy][39m Replacing sessionId e1678bfe-c41d-4dc8-ab42-9fd23046a441 with 23b983b2-c198-4b35-8a03-c38207d6569d
[35m[HTTP][39m [37m<-- GET /wd/hub/session/23b983b2-c198-4b35-8a03-c38207d6569d/element/00000000-0000-016b-0000-002b00000004/location [39m[32m200[39m [90m28 ms - 78[39m
[35m[HTTP][39m [90m[39m
[35m[HTTP][39m [37m-->[39m [37mPOST[39m [37m/wd/hub/session/23b983b2-c198-4b35-8a03-c38207d6569d/timeouts[39m
[35m[HTTP][39m [90m{"implicit":30000}[39m
[35m[HTTP][39m [37m<-- POST /wd/hub/session/23b983b2-c198-4b35-8a03-c38207d6569d/timeouts [39m[32m200[39m [90m1 ms - 14[39m
[35m[HTTP][39m [90m[39m
[35m[HTTP][39m [37m-->[39m [37mGET[39m [37m/wd/hub/session/23b983b2-c198-4b35-8a03-c38207d6569d/element/00000000-0000-016b-0000-002b00000004/attribute/enabled[39m
[35m[HTTP][39m [90m{}[39m
[35m[HTTP][39m [37m<-- GET /wd/hub/session/23b983b2-c198-4b35-8a03-c38207d6569d/element/00000000-0000-016b-0000-002b00000004/attribute/enabled [39m[32m200[39m [90m30 ms - 16[39m
[35m[HTTP][39m [90m[39m
[35m[HTTP][39m [37m-->[39m [37mPOST[39m [37m/wd/hub/session/23b983b2-c198-4b35-8a03-c38207d6569d/timeouts[39m
[35m[HTTP][39m [90m{"implicit":50}[39m
[35m[HTTP][39m [37m<-- POST /wd/hub/session/23b983b2-c198-4b35-8a03-c38207d6569d/timeouts [39m[32m200[39m [90m1 ms - 14[39m
[35m[HTTP][39m [90m[39m
[35m[HTTP][39m [37m-->[39m [37mGET[39m [37m/wd/hub/session/23b983b2-c198-4b35-8a03-c38207d6569d/window/rect[39m
[35m[HTTP][39m [90m{}[39m
[35m[HTTP][39m [37m<-- GET /wd/hub/session/23b983b2-c198-4b35-8a03-c38207d6569d/window/rect [39m[32m200[39m [90m17 ms - 49[39m
[35m[HTTP][39m [90m[39m
[35m[HTTP][39m [37m-->[39m [37mPOST[39m [37m/wd/hub/session/23b983b2-c198-4b35-8a03-c38207d6569d/elements[39m
[35m[HTTP][39m [90m{"using":"accessibility id","value":"Masuk"}[39m
[35m[HTTP][39m [37m<-- POST /wd/hub/session/23b983b2-c198-4b35-8a03-c38207d6569d/elements [39m[32m200[39m [90m48 ms - 139[39m
[35m[HTTP][39m [90m[39m
[35m[HTTP][39m [37m-->[39m [37mGET[39m [37m/wd/hub/session/23b983b2-c198-4b35-8a03-c38207d6569d/element/00000000-0000-016b-0000-002b00000004/location[39m
[35m[HTTP][39m [90m{}[39m
[35m[W3C (23b983b2)][39m Driver proxy active, passing request on via HTTP proxy
[35m[WD Proxy][39m Replacing sessionId e1678bfe-c41d-4dc8-ab42-9fd23046a441 with 23b983b2-c198-4b35-8a03-c38207d6569d
[35m[HTTP][39m [37m<-- GET /wd/hub/session/23b983b2-c198-4b35-8a03-c38207d6569d/element/00000000-0000-016b-0000-002b00000004/location [39m[32m200[39m [90m31 ms - 78[39m
[35m[HTTP][39m [90m[39m
[35m[HTTP][39m [37m-->[39m [37mPOST[39m [37m/wd/hub/session/23b983b2-c198-4b35-8a03-c38207d6569d/timeouts[39m
[35m[HTTP][39m [90m{"implicit":30000}[39m
[35m[HTTP][39m [37m<-- POST /wd/hub/session/23b983b2-c198-4b35-8a03-c38207d6569d/timeouts [39m[32m200[39m [90m1 ms - 14[39m
[35m[HTTP][39m [90m[39m
[35m[HTTP][39m [37m-->[39m [37mGET[39m [37m/wd/hub/session/23b983b2-c198-4b35-8a03-c38207d6569d/element/00000000-0000-016b-0000-002b00000004/attribute/enabled[39m
[35m[HTTP][39m [90m{}[39m
[35m[HTTP][39m [37m<-- GET /wd/hub/session/23b983b2-c198-4b35-8a03-c38207d6569d/element/00000000-0000-016b-0000-002b00000004/attribute/enabled [39m[32m200[39m [90m27 ms - 16[39m
[35m[HTTP][39m [90m[39m
[35m[HTTP][39m [37m-->[39m [37mPOST[39m [37m/wd/hub/session/23b983b2-c198-4b35-8a03-c38207d6569d/timeouts[39m
[35m[HTTP][39m [90m{"implicit":50}[39m
[35m[HTTP][39m [37m<-- POST /wd/hub/session/23b983b2-c198-4b35-8a03-c38207d6569d/timeouts [39m[32m200[39m [90m1 ms - 14[39m
[35m[HTTP][39m [90m[39m
[35m[HTTP][39m [37m-->[39m [37mGET[39m [37m/wd/hub/session/23b983b2-c198-4b35-8a03-c38207d6569d/window/rect[39m
[35m[HTTP][39m [90m{}[39m
[35m[HTTP][39m [37m<-- GET /wd/hub/session/23b983b2-c198-4b35-8a03-c38207d6569d/window/rect [39m[32m200[39m [90m18 ms - 49[39m
[35m[HTTP][39m [90m[39m
[35m[HTTP][39m [37m-->[39m [37mPOST[39m [37m/wd/hub/session/23b983b2-c198-4b35-8a03-c38207d6569d/elements[39m
[35m[HTTP][39m [90m{"using":"accessibility id","value":"Masuk"}[39m
[35m[HTTP][39m [37m<-- POST /wd/hub/session/23b983b2-c198-4b35-8a03-c38207d6569d/elements [39m[32m200[39m [90m54 ms - 139[39m
[35m[HTTP][39m [90m[39m
[35m[HTTP][39m [37m-->[39m [37mGET[39m [37m/wd/hub/session/23b983b2-c198-4b35-8a03-c38207d6569d/element/00000000-0000-016b-0000-002b00000004/location[39m
[35m[HTTP][39m [90m{}[39m
[35m[W3C (23b983b2)][39m Driver proxy active, passing request on via HTTP proxy
[35m[WD Proxy][39m Replacing sessionId e1678bfe-c41d-4dc8-ab42-9fd23046a441 with 23b983b2-c198-4b35-8a03-c38207d6569d
[35m[HTTP][39m [37m<-- GET /wd/hub/session/23b983b2-c198-4b35-8a03-c38207d6569d/element/00000000-0000-016b-0000-002b00000004/location [39m[32m200[39m [90m27 ms - 78[39m
[35m[HTTP][39m [90m[39m
[35m[HTTP][39m [37m-->[39m [37mPOST[39m [37m/wd/hub/session/23b983b2-c198-4b35-8a03-c38207d6569d/timeouts[39m
[35m[HTTP][39m [90m{"implicit":30000}[39m
[35m[HTTP][39m [37m<-- POST /wd/hub/session/23b983b2-c198-4b35-8a03-c38207d6569d/timeouts [39m[32m200[39m [90m1 ms - 14[39m
[35m[HTTP][39m [90m[39m
[35m[HTTP][39m [37m-->[39m [37mPOST[39m [37m/wd/hub/session/23b983b2-c198-4b35-8a03-c38207d6569d/element/00000000-0000-016b-0000-002b00000004/click[39m
[35m[HTTP][39m [90m{"id":"00000000-0000-016b-0000-002b00000004"}[39m
[35m[HTTP][39m [37m<-- POST /wd/hub/session/23b983b2-c198-4b35-8a03-c38207d6569d/element/00000000-0000-016b-0000-002b00000004/click [39m[32m200[39m [90m69 ms - 14[39m
[35m[HTTP][39m [90m[39m
[35m[HTTP][39m [37m-->[39m [37mDELETE[39m [37m/wd/hub/session/23b983b2-c198-4b35-8a03-c38207d6569d[39m
[35m[HTTP][39m [90m{}[39m
[35m[Appium][39m Removing session 23b983b2-c198-4b35-8a03-c38207d6569d from our master session list
[35m[UiAutomator2][39m Restoring hidden api policy to the device default configuration
[35m[HTTP][39m [37m<-- DELETE /wd/hub/session/23b983b2-c198-4b35-8a03-c38207d6569d [39m[32m200[39m [90m377 ms - 14[39m
[35m[HTTP][39m [90m[39m
