[35m[Appium][39m Welcome to Appium v1.22.3
[35m[Appium][39m Non-default server args:
[35m[Appium][39m   port: 59024
[35m[Appium][39m   loglevel: info
[35m[Appium][39m   tmpDir: C:\Users\ichsa\AppData\Local\Temp\\Katalon\Appium\Temp1767348801009
[35m[Appium][39m   chromedriverPort: 49508
[35m[Appium][39m Deprecated server args:
[35m[Appium][39m   [31m--chromedriver-port[39m => --default-capabilities
[35m[Appium][39m Default capabilities, which will be added to each request unless overridden by desired capabilities:
[35m[Appium][39m   chromedriverPort: 49508
[35m[Appium][39m Appium REST http interface listener started on 0.0.0.0:59024
[35m[HTTP][39m [37m-->[39m [37mGET[39m [37m/wd/hub/status[39m
[35m[HTTP][39m [90m{}[39m
[35m[HTTP][39m [37m<-- GET /wd/hub/status [39m[32m200[39m [90m4 ms - 68[39m
[35m[HTTP][39m [90m[39m
[35m[HTTP][39m [37m-->[39m [37mPOST[39m [37m/wd/hub/session[39m
[35m[HTTP][39m [90m{"desiredCapabilities":{"appActivity":".Settings","appPackage":"com.android.settings","newCommandTimeout":1800,"platformVersion":"12","automationName":"uiautomator2","autoGrantPermissions":true,"platformName":"Android","udid":"RR8R5017EJV","deviceName":"samsung SM-A125F (Android 12)","platform":"ANDROID","systemPort":8201},"capabilities":{"firstMatch":[{"appium:appActivity":".Settings","appium:appPackage":"com.android.settings","appium:autoGrantPermissions":true,"appium:automationName":"uiautomator2","appium:deviceName":"samsung SM-A125F (Android 12)","appium:newCommandTimeout":1800,"platform":"ANDROID","platformName":"android","appium:platformVersion":"12","appium:systemPort":8201,"appium:udid":"RR8R5017EJV"}]}}[39m
[35m[BaseDriver][39m The following capabilities are not standard capabilities and should have an extension prefix:
[35m[BaseDriver][39m   platform
[35m[BaseDriver][39m   chromedriverPort
[35m[Appium][39m Appium v1.22.3 creating new AndroidUiautomator2Driver (v1.70.1) session
[35m[BaseDriver][39m The following capabilities were provided, but are not recognized by Appium:
[35m[BaseDriver][39m   platform
[35m[BaseDriver][39m Session created with session id: f0525d4c-759f-464a-b923-7969c5eb3acd
[35m[UiAutomator2][39m Starting 'com.android.settings' directly on the device
[35m[ADB][39m Found 1 'build-tools' folders under 'C:\Users\ichsa\.katalon\tools\android_sdk' (newest first):
[35m[ADB][39m     C:/Users/ichsa/.katalon/tools/android_sdk/build-tools/29.0.3
[35m[ADB][39m Using 'adb.exe' from 'C:\Users\ichsa\.katalon\tools\android_sdk\platform-tools\adb.exe'
[35m[AndroidDriver][39m Retrieving device list
[35m[AndroidDriver][39m Using device: RR8R5017EJV
[35m[ADB][39m Using 'adb.exe' from 'C:\Users\ichsa\.katalon\tools\android_sdk\platform-tools\adb.exe'
[35m[ADB][39m Getting device platform version
[35m[UiAutomator2][39m Relaxing hidden api policy
[35m[AndroidDriver][39m No app sent in, not parsing package/activity
[35m[ADB][39m Using 'apksigner.jar' from 'C:\Users\ichsa\.katalon\tools\android_sdk\build-tools\29.0.3\lib\apksigner.jar'
[35m[ADB][39m 'C:\Users\ichsa\AppData\Roaming\npm\node_modules\appium\node_modules\appium-uiautomator2-server\apks\appium-uiautomator2-server-v4.27.0.apk' is signed with the default certificate
[35m[ADB][39m 'C:\Users\ichsa\AppData\Roaming\npm\node_modules\appium\node_modules\appium-uiautomator2-server\apks\appium-uiautomator2-server-debug-androidTest.apk' is signed with the default certificate
[35m[UiAutomator2][39m Server packages are not going to be (re)installed
[35m[ADB][39m Adding packages ["io.appium.settings","io.appium.uiautomator2.server","io.appium.uiautomator2.server.test"] to Doze whitelist
[35m[UiAutomator2][39m Starting UIAutomator2 server 4.27.0
[35m[UiAutomator2][39m Using UIAutomator2 server from 'C:\Users\ichsa\AppData\Roaming\npm\node_modules\appium\node_modules\appium-uiautomator2-server\apks\appium-uiautomator2-server-v4.27.0.apk' and test from 'C:\Users\ichsa\AppData\Roaming\npm\node_modules\appium\node_modules\appium-uiautomator2-server\apks\appium-uiautomator2-server-debug-androidTest.apk'
[35m[UiAutomator2][39m Waiting up to 30000ms for UiAutomator2 to be online...
[35m[WD Proxy][39m socket hang up
[35m[WD Proxy][39m socket hang up
[35m[WD Proxy][39m socket hang up
[35m[WD Proxy][39m socket hang up
[35m[WD Proxy][39m Determined the downstream protocol as 'W3C'
[35m[AndroidDriver][39m Screen already unlocked, doing nothing
[35m[UiAutomator2][39m Starting 'com.android.settings/.Settings and waiting for 'com.android.settings/.Settings'
[35m[Appium][39m New AndroidUiautomator2Driver session created successfully, session f0525d4c-759f-464a-b923-7969c5eb3acd added to master session list
[35m[HTTP][39m [37m<-- POST /wd/hub/session [39m[32m200[39m [90m9365 ms - 1156[39m
[35m[HTTP][39m [90m[39m
[35m[HTTP][39m [37m-->[39m [37mGET[39m [37m/wd/hub/session/f0525d4c-759f-464a-b923-7969c5eb3acd[39m
[35m[HTTP][39m [90m{}[39m
[35m[HTTP][39m [37m<-- GET /wd/hub/session/f0525d4c-759f-464a-b923-7969c5eb3acd [39m[32m200[39m [90m15 ms - 1110[39m
[35m[HTTP][39m [90m[39m
[35m[HTTP][39m [37m-->[39m [37mGET[39m [37m/wd/hub/session/f0525d4c-759f-464a-b923-7969c5eb3acd[39m
[35m[HTTP][39m [90m{}[39m
[35m[HTTP][39m [37m<-- GET /wd/hub/session/f0525d4c-759f-464a-b923-7969c5eb3acd [39m[32m200[39m [90m14 ms - 1110[39m
[35m[HTTP][39m [90m[39m
[35m[HTTP][39m [37m-->[39m [37mGET[39m [37m/wd/hub/status[39m
[35m[HTTP][39m [90m{}[39m
[35m[HTTP][39m [37m<-- GET /wd/hub/status [39m[32m200[39m [90m1 ms - 68[39m
[35m[HTTP][39m [90m[39m
[35m[HTTP][39m [37m-->[39m [37mPOST[39m [37m/wd/hub/session/f0525d4c-759f-464a-b923-7969c5eb3acd/timeouts[39m
[35m[HTTP][39m [90m{"implicit":30000}[39m
[35m[HTTP][39m [37m<-- POST /wd/hub/session/f0525d4c-759f-464a-b923-7969c5eb3acd/timeouts [39m[32m200[39m [90m2 ms - 14[39m
[35m[HTTP][39m [90m[39m
[35m[HTTP][39m [37m-->[39m [37mGET[39m [37m/wd/hub/session/f0525d4c-759f-464a-b923-7969c5eb3acd/screenshot[39m
[35m[HTTP][39m [90m{}[39m
[35m[HTTP][39m [37m<-- GET /wd/hub/session/f0525d4c-759f-464a-b923-7969c5eb3acd/screenshot [39m[32m200[39m [90m762 ms - 126340[39m
[35m[HTTP][39m [90m[39m
[35m[HTTP][39m [37m-->[39m [37mGET[39m [37m/wd/hub/session/f0525d4c-759f-464a-b923-7969c5eb3acd/window/rect[39m
[35m[HTTP][39m [90m{}[39m
[35m[HTTP][39m [37m<-- GET /wd/hub/session/f0525d4c-759f-464a-b923-7969c5eb3acd/window/rect [39m[32m200[39m [90m19 ms - 49[39m
[35m[HTTP][39m [90m[39m
[35m[HTTP][39m [37m-->[39m [37mGET[39m [37m/wd/hub/session/f0525d4c-759f-464a-b923-7969c5eb3acd/appium/device/system_bars[39m
[35m[HTTP][39m [90m{}[39m
[35m[HTTP][39m [37m<-- GET /wd/hub/session/f0525d4c-759f-464a-b923-7969c5eb3acd/appium/device/system_bars [39m[32m200[39m [90m69 ms - 145[39m
[35m[HTTP][39m [90m[39m
[35m[HTTP][39m [37m-->[39m [37mPOST[39m [37m/wd/hub/session/f0525d4c-759f-464a-b923-7969c5eb3acd/appium/device/activate_app[39m
[35m[HTTP][39m [90m{"bundleId":"id.co.labamu.app"}[39m
[35m[HTTP][39m [37m<-- POST /wd/hub/session/f0525d4c-759f-464a-b923-7969c5eb3acd/appium/device/activate_app [39m[32m200[39m [90m921 ms - 14[39m
[35m[HTTP][39m [90m[39m
[35m[HTTP][39m [37m-->[39m [37mPOST[39m [37m/wd/hub/session/f0525d4c-759f-464a-b923-7969c5eb3acd/timeouts[39m
[35m[HTTP][39m [90m{"implicit":50}[39m
[35m[HTTP][39m [37m<-- POST /wd/hub/session/f0525d4c-759f-464a-b923-7969c5eb3acd/timeouts [39m[32m200[39m [90m1 ms - 14[39m
[35m[HTTP][39m [90m[39m
[35m[HTTP][39m [37m-->[39m [37mGET[39m [37m/wd/hub/session/f0525d4c-759f-464a-b923-7969c5eb3acd/window/rect[39m
[35m[HTTP][39m [90m{}[39m
[35m[HTTP][39m [37m<-- GET /wd/hub/session/f0525d4c-759f-464a-b923-7969c5eb3acd/window/rect [39m[32m200[39m [90m15 ms - 49[39m
[35m[HTTP][39m [90m[39m
[35m[HTTP][39m [37m-->[39m [37mPOST[39m [37m/wd/hub/session/f0525d4c-759f-464a-b923-7969c5eb3acd/elements[39m
[35m[HTTP][39m [90m{"using":"xpath","value":"//*[@class = 'android.widget.Button' and (@text = 'While using the app' or . = 'While using the app') and @resource-id = 'com.android.permissioncontroller:id/permission_allow_foreground_only_button']"}[39m
[35m[HTTP][39m [37m<-- POST /wd/hub/session/f0525d4c-759f-464a-b923-7969c5eb3acd/elements [39m[32m200[39m [90m1276 ms - 12[39m
[35m[HTTP][39m [90m[39m
[35m[HTTP][39m [37m-->[39m [37mPOST[39m [37m/wd/hub/session/f0525d4c-759f-464a-b923-7969c5eb3acd/elements[39m
[35m[HTTP][39m [90m{"using":"xpath","value":"//*[@class = 'android.widget.Button' and (@text = 'While using the app' or . = 'While using the app') and @resource-id = 'com.android.permissioncontroller:id/permission_allow_foreground_only_button']"}[39m
[35m[HTTP][39m [37m<-- POST /wd/hub/session/f0525d4c-759f-464a-b923-7969c5eb3acd/elements [39m[32m200[39m [90m252 ms - 12[39m
[35m[HTTP][39m [90m[39m
[35m[HTTP][39m [37m-->[39m [37mPOST[39m [37m/wd/hub/session/f0525d4c-759f-464a-b923-7969c5eb3acd/elements[39m
[35m[HTTP][39m [90m{"using":"xpath","value":"//*[@class = 'android.widget.Button' and (@text = 'While using the app' or . = 'While using the app') and @resource-id = 'com.android.permissioncontroller:id/permission_allow_foreground_only_button']"}[39m
[35m[HTTP][39m [37m<-- POST /wd/hub/session/f0525d4c-759f-464a-b923-7969c5eb3acd/elements [39m[32m200[39m [90m1041 ms - 12[39m
[35m[HTTP][39m [90m[39m
[35m[HTTP][39m [37m-->[39m [37mPOST[39m [37m/wd/hub/session/f0525d4c-759f-464a-b923-7969c5eb3acd/elements[39m
[35m[HTTP][39m [90m{"using":"xpath","value":"//*[@class = 'android.widget.Button' and (@text = 'While using the app' or . = 'While using the app') and @resource-id = 'com.android.permissioncontroller:id/permission_allow_foreground_only_button']"}[39m
[35m[HTTP][39m [37m<-- POST /wd/hub/session/f0525d4c-759f-464a-b923-7969c5eb3acd/elements [39m[32m200[39m [90m917 ms - 12[39m
[35m[HTTP][39m [90m[39m
[35m[HTTP][39m [37m-->[39m [37mPOST[39m [37m/wd/hub/session/f0525d4c-759f-464a-b923-7969c5eb3acd/elements[39m
[35m[HTTP][39m [90m{"using":"xpath","value":"//*[@class = 'android.widget.Button' and (@text = 'While using the app' or . = 'While using the app') and @resource-id = 'com.android.permissioncontroller:id/permission_allow_foreground_only_button']"}[39m
[35m[HTTP][39m [37m<-- POST /wd/hub/session/f0525d4c-759f-464a-b923-7969c5eb3acd/elements [39m[32m200[39m [90m200 ms - 12[39m
[35m[HTTP][39m [90m[39m
[35m[HTTP][39m [37m-->[39m [37mPOST[39m [37m/wd/hub/session/f0525d4c-759f-464a-b923-7969c5eb3acd/elements[39m
[35m[HTTP][39m [90m{"using":"xpath","value":"//*[@class = 'android.widget.Button' and (@text = 'While using the app' or . = 'While using the app') and @resource-id = 'com.android.permissioncontroller:id/permission_allow_foreground_only_button']"}[39m
[35m[HTTP][39m [37m<-- POST /wd/hub/session/f0525d4c-759f-464a-b923-7969c5eb3acd/elements [39m[32m200[39m [90m222 ms - 12[39m
[35m[HTTP][39m [90m[39m
[35m[HTTP][39m [37m-->[39m [37mPOST[39m [37m/wd/hub/session/f0525d4c-759f-464a-b923-7969c5eb3acd/elements[39m
[35m[HTTP][39m [90m{"using":"xpath","value":"//*[@class = 'android.widget.Button' and (@text = 'While using the app' or . = 'While using the app') and @resource-id = 'com.android.permissioncontroller:id/permission_allow_foreground_only_button']"}[39m
[35m[HTTP][39m [37m<-- POST /wd/hub/session/f0525d4c-759f-464a-b923-7969c5eb3acd/elements [39m[32m200[39m [90m194 ms - 12[39m
[35m[HTTP][39m [90m[39m
[35m[HTTP][39m [37m-->[39m [37mPOST[39m [37m/wd/hub/session/f0525d4c-759f-464a-b923-7969c5eb3acd/elements[39m
[35m[HTTP][39m [90m{"using":"xpath","value":"//*[@class = 'android.widget.Button' and (@text = 'While using the app' or . = 'While using the app') and @resource-id = 'com.android.permissioncontroller:id/permission_allow_foreground_only_button']"}[39m
[35m[HTTP][39m [37m<-- POST /wd/hub/session/f0525d4c-759f-464a-b923-7969c5eb3acd/elements [39m[32m200[39m [90m178 ms - 12[39m
[35m[HTTP][39m [90m[39m
[35m[HTTP][39m [37m-->[39m [37mPOST[39m [37m/wd/hub/session/f0525d4c-759f-464a-b923-7969c5eb3acd/elements[39m
[35m[HTTP][39m [90m{"using":"xpath","value":"//*[@class = 'android.widget.Button' and (@text = 'While using the app' or . = 'While using the app') and @resource-id = 'com.android.permissioncontroller:id/permission_allow_foreground_only_button']"}[39m
[35m[HTTP][39m [37m<-- POST /wd/hub/session/f0525d4c-759f-464a-b923-7969c5eb3acd/elements [39m[32m200[39m [90m199 ms - 12[39m
[35m[HTTP][39m [90m[39m
[35m[HTTP][39m [37m-->[39m [37mPOST[39m [37m/wd/hub/session/f0525d4c-759f-464a-b923-7969c5eb3acd/elements[39m
[35m[HTTP][39m [90m{"using":"xpath","value":"//*[@class = 'android.widget.Button' and (@text = 'While using the app' or . = 'While using the app') and @resource-id = 'com.android.permissioncontroller:id/permission_allow_foreground_only_button']"}[39m
[35m[HTTP][39m [37m<-- POST /wd/hub/session/f0525d4c-759f-464a-b923-7969c5eb3acd/elements [39m[32m200[39m [90m199 ms - 12[39m
[35m[HTTP][39m [90m[39m
[35m[HTTP][39m [37m-->[39m [37mPOST[39m [37m/wd/hub/session/f0525d4c-759f-464a-b923-7969c5eb3acd/elements[39m
[35m[HTTP][39m [90m{"using":"xpath","value":"//*[@class = 'android.widget.Button' and (@text = 'While using the app' or . = 'While using the app') and @resource-id = 'com.android.permissioncontroller:id/permission_allow_foreground_only_button']"}[39m
[35m[HTTP][39m [37m<-- POST /wd/hub/session/f0525d4c-759f-464a-b923-7969c5eb3acd/elements [39m[32m200[39m [90m193 ms - 12[39m
[35m[HTTP][39m [90m[39m
[35m[HTTP][39m [37m-->[39m [37mPOST[39m [37m/wd/hub/session/f0525d4c-759f-464a-b923-7969c5eb3acd/timeouts[39m
[35m[HTTP][39m [90m{"implicit":30000}[39m
[35m[HTTP][39m [37m<-- POST /wd/hub/session/f0525d4c-759f-464a-b923-7969c5eb3acd/timeouts [39m[32m200[39m [90m1 ms - 14[39m
[35m[HTTP][39m [90m[39m
[35m[HTTP][39m [37m-->[39m [37mPOST[39m [37m/wd/hub/session/f0525d4c-759f-464a-b923-7969c5eb3acd/timeouts[39m
[35m[HTTP][39m [90m{"implicit":50}[39m
[35m[HTTP][39m [37m<-- POST /wd/hub/session/f0525d4c-759f-464a-b923-7969c5eb3acd/timeouts [39m[32m200[39m [90m1 ms - 14[39m
[35m[HTTP][39m [90m[39m
[35m[HTTP][39m [37m-->[39m [37mGET[39m [37m/wd/hub/session/f0525d4c-759f-464a-b923-7969c5eb3acd/window/rect[39m
[35m[HTTP][39m [90m{}[39m
[35m[HTTP][39m [37m<-- GET /wd/hub/session/f0525d4c-759f-464a-b923-7969c5eb3acd/window/rect [39m[32m200[39m [90m19 ms - 49[39m
[35m[HTTP][39m [90m[39m
[35m[HTTP][39m [37m-->[39m [37mPOST[39m [37m/wd/hub/session/f0525d4c-759f-464a-b923-7969c5eb3acd/elements[39m
[35m[HTTP][39m [90m{"using":"xpath","value":"//*[@class = 'android.widget.EditText' and @resource-id = '' and (@text = '' or . = '')]"}[39m
[35m[HTTP][39m [37m<-- POST /wd/hub/session/f0525d4c-759f-464a-b923-7969c5eb3acd/elements [39m[32m200[39m [90m195 ms - 139[39m
[35m[HTTP][39m [90m[39m
[35m[HTTP][39m [37m-->[39m [37mGET[39m [37m/wd/hub/session/f0525d4c-759f-464a-b923-7969c5eb3acd/element/00000000-0000-021b-0000-001000000004/location[39m
[35m[HTTP][39m [90m{}[39m
[35m[W3C (f0525d4c)][39m Driver proxy active, passing request on via HTTP proxy
[35m[WD Proxy][39m Replacing sessionId fcce0014-32f3-4ec3-a3eb-d037fbe2947a with f0525d4c-759f-464a-b923-7969c5eb3acd
[35m[HTTP][39m [37m<-- GET /wd/hub/session/f0525d4c-759f-464a-b923-7969c5eb3acd/element/00000000-0000-021b-0000-001000000004/location [39m[32m200[39m [90m27 ms - 78[39m
[35m[HTTP][39m [90m[39m
[35m[HTTP][39m [37m-->[39m [37mPOST[39m [37m/wd/hub/session/f0525d4c-759f-464a-b923-7969c5eb3acd/timeouts[39m
[35m[HTTP][39m [90m{"implicit":30000}[39m
[35m[HTTP][39m [37m<-- POST /wd/hub/session/f0525d4c-759f-464a-b923-7969c5eb3acd/timeouts [39m[32m200[39m [90m3 ms - 14[39m
[35m[HTTP][39m [90m[39m
[35m[HTTP][39m [37m-->[39m [37mPOST[39m [37m/wd/hub/session/f0525d4c-759f-464a-b923-7969c5eb3acd/timeouts[39m
[35m[HTTP][39m [90m{"implicit":50}[39m
[35m[HTTP][39m [37m<-- POST /wd/hub/session/f0525d4c-759f-464a-b923-7969c5eb3acd/timeouts [39m[32m200[39m [90m1 ms - 14[39m
[35m[HTTP][39m [90m[39m
[35m[HTTP][39m [37m-->[39m [37mGET[39m [37m/wd/hub/session/f0525d4c-759f-464a-b923-7969c5eb3acd/window/rect[39m
[35m[HTTP][39m [90m{}[39m
[35m[HTTP][39m [37m<-- GET /wd/hub/session/f0525d4c-759f-464a-b923-7969c5eb3acd/window/rect [39m[32m200[39m [90m17 ms - 49[39m
[35m[HTTP][39m [90m[39m
[35m[HTTP][39m [37m-->[39m [37mPOST[39m [37m/wd/hub/session/f0525d4c-759f-464a-b923-7969c5eb3acd/elements[39m
[35m[HTTP][39m [90m{"using":"xpath","value":"//*[@class = 'android.widget.EditText' and @resource-id = '' and (@text = '' or . = '')]"}[39m
[35m[HTTP][39m [37m<-- POST /wd/hub/session/f0525d4c-759f-464a-b923-7969c5eb3acd/elements [39m[32m200[39m [90m173 ms - 139[39m
[35m[HTTP][39m [90m[39m
[35m[HTTP][39m [37m-->[39m [37mGET[39m [37m/wd/hub/session/f0525d4c-759f-464a-b923-7969c5eb3acd/element/00000000-0000-021b-0000-001000000004/location[39m
[35m[HTTP][39m [90m{}[39m
[35m[W3C (f0525d4c)][39m Driver proxy active, passing request on via HTTP proxy
[35m[WD Proxy][39m Replacing sessionId fcce0014-32f3-4ec3-a3eb-d037fbe2947a with f0525d4c-759f-464a-b923-7969c5eb3acd
[35m[HTTP][39m [37m<-- GET /wd/hub/session/f0525d4c-759f-464a-b923-7969c5eb3acd/element/00000000-0000-021b-0000-001000000004/location [39m[32m200[39m [90m34 ms - 78[39m
[35m[HTTP][39m [90m[39m
[35m[HTTP][39m [37m-->[39m [37mPOST[39m [37m/wd/hub/session/f0525d4c-759f-464a-b923-7969c5eb3acd/timeouts[39m
[35m[HTTP][39m [90m{"implicit":30000}[39m
[35m[HTTP][39m [37m<-- POST /wd/hub/session/f0525d4c-759f-464a-b923-7969c5eb3acd/timeouts [39m[32m200[39m [90m1 ms - 14[39m
[35m[HTTP][39m [90m[39m
[35m[HTTP][39m [37m-->[39m [37mPOST[39m [37m/wd/hub/session/f0525d4c-759f-464a-b923-7969c5eb3acd/element/00000000-0000-021b-0000-001000000004/click[39m
[35m[HTTP][39m [90m{"id":"00000000-0000-021b-0000-001000000004"}[39m
[35m[HTTP][39m [37m<-- POST /wd/hub/session/f0525d4c-759f-464a-b923-7969c5eb3acd/element/00000000-0000-021b-0000-001000000004/click [39m[32m200[39m [90m57 ms - 14[39m
[35m[HTTP][39m [90m[39m
[35m[HTTP][39m [37m-->[39m [37mPOST[39m [37m/wd/hub/session/f0525d4c-759f-464a-b923-7969c5eb3acd/timeouts[39m
[35m[HTTP][39m [90m{"implicit":50}[39m
[35m[HTTP][39m [37m<-- POST /wd/hub/session/f0525d4c-759f-464a-b923-7969c5eb3acd/timeouts [39m[32m200[39m [90m1 ms - 14[39m
[35m[HTTP][39m [90m[39m
[35m[HTTP][39m [37m-->[39m [37mGET[39m [37m/wd/hub/session/f0525d4c-759f-464a-b923-7969c5eb3acd/window/rect[39m
[35m[HTTP][39m [90m{}[39m
[35m[HTTP][39m [37m<-- GET /wd/hub/session/f0525d4c-759f-464a-b923-7969c5eb3acd/window/rect [39m[32m200[39m [90m24 ms - 49[39m
[35m[HTTP][39m [90m[39m
[35m[HTTP][39m [37m-->[39m [37mPOST[39m [37m/wd/hub/session/f0525d4c-759f-464a-b923-7969c5eb3acd/elements[39m
[35m[HTTP][39m [90m{"using":"xpath","value":"//*[@class = 'android.widget.EditText' and @resource-id = '' and (@text = '' or . = '')]"}[39m
[35m[HTTP][39m [37m<-- POST /wd/hub/session/f0525d4c-759f-464a-b923-7969c5eb3acd/elements [39m[32m200[39m [90m1244 ms - 139[39m
[35m[HTTP][39m [90m[39m
[35m[HTTP][39m [37m-->[39m [37mGET[39m [37m/wd/hub/session/f0525d4c-759f-464a-b923-7969c5eb3acd/element/00000000-0000-021b-0000-001000000004/location[39m
[35m[HTTP][39m [90m{}[39m
[35m[W3C (f0525d4c)][39m Driver proxy active, passing request on via HTTP proxy
[35m[WD Proxy][39m Replacing sessionId fcce0014-32f3-4ec3-a3eb-d037fbe2947a with f0525d4c-759f-464a-b923-7969c5eb3acd
[35m[HTTP][39m [37m<-- GET /wd/hub/session/f0525d4c-759f-464a-b923-7969c5eb3acd/element/00000000-0000-021b-0000-001000000004/location [39m[32m200[39m [90m37 ms - 78[39m
[35m[HTTP][39m [90m[39m
[35m[HTTP][39m [37m-->[39m [37mPOST[39m [37m/wd/hub/session/f0525d4c-759f-464a-b923-7969c5eb3acd/timeouts[39m
[35m[HTTP][39m [90m{"implicit":30000}[39m
[35m[HTTP][39m [37m<-- POST /wd/hub/session/f0525d4c-759f-464a-b923-7969c5eb3acd/timeouts [39m[32m200[39m [90m1 ms - 14[39m
[35m[HTTP][39m [90m[39m
[35m[HTTP][39m [37m-->[39m [37mPOST[39m [37m/wd/hub/session/f0525d4c-759f-464a-b923-7969c5eb3acd/element/00000000-0000-021b-0000-001000000004/clear[39m
[35m[HTTP][39m [90m{"id":"00000000-0000-021b-0000-001000000004"}[39m
[35m[HTTP][39m [37m<-- POST /wd/hub/session/f0525d4c-759f-464a-b923-7969c5eb3acd/element/00000000-0000-021b-0000-001000000004/clear [39m[32m200[39m [90m31 ms - 14[39m
[35m[HTTP][39m [90m[39m
[35m[HTTP][39m [37m-->[39m [37mPOST[39m [37m/wd/hub/session/f0525d4c-759f-464a-b923-7969c5eb3acd/element/00000000-0000-021b-0000-001000000004/value[39m
[35m[HTTP][39m [90m{"id":"00000000-0000-021b-0000-001000000004","text":"83812194","value":["8","3","8","1","2","1","9","4"]}[39m
[35m[HTTP][39m [37m<-- POST /wd/hub/session/f0525d4c-759f-464a-b923-7969c5eb3acd/element/00000000-0000-021b-0000-001000000004/value [39m[32m200[39m [90m45 ms - 14[39m
[35m[HTTP][39m [90m[39m
[35m[HTTP][39m [37m-->[39m [37mPOST[39m [37m/wd/hub/session/f0525d4c-759f-464a-b923-7969c5eb3acd/timeouts[39m
[35m[HTTP][39m [90m{"implicit":50}[39m
[35m[HTTP][39m [37m<-- POST /wd/hub/session/f0525d4c-759f-464a-b923-7969c5eb3acd/timeouts [39m[32m200[39m [90m1 ms - 14[39m
[35m[HTTP][39m [90m[39m
[35m[HTTP][39m [37m-->[39m [37mGET[39m [37m/wd/hub/session/f0525d4c-759f-464a-b923-7969c5eb3acd/window/rect[39m
[35m[HTTP][39m [90m{}[39m
[35m[HTTP][39m [37m<-- GET /wd/hub/session/f0525d4c-759f-464a-b923-7969c5eb3acd/window/rect [39m[32m200[39m [90m19 ms - 49[39m
[35m[HTTP][39m [90m[39m
[35m[HTTP][39m [37m-->[39m [37mPOST[39m [37m/wd/hub/session/f0525d4c-759f-464a-b923-7969c5eb3acd/elements[39m
[35m[HTTP][39m [90m{"using":"xpath","value":"//*[@class = 'android.widget.CheckBox' and @resource-id = '' and (@text = '' or . = '')]"}[39m
[35m[HTTP][39m [37m<-- POST /wd/hub/session/f0525d4c-759f-464a-b923-7969c5eb3acd/elements [39m[32m200[39m [90m1806 ms - 139[39m
[35m[HTTP][39m [90m[39m
[35m[HTTP][39m [37m-->[39m [37mGET[39m [37m/wd/hub/session/f0525d4c-759f-464a-b923-7969c5eb3acd/element/00000000-0000-021b-0000-001100000004/location[39m
[35m[HTTP][39m [90m{}[39m
[35m[W3C (f0525d4c)][39m Driver proxy active, passing request on via HTTP proxy
[35m[WD Proxy][39m Replacing sessionId fcce0014-32f3-4ec3-a3eb-d037fbe2947a with f0525d4c-759f-464a-b923-7969c5eb3acd
[35m[HTTP][39m [37m<-- GET /wd/hub/session/f0525d4c-759f-464a-b923-7969c5eb3acd/element/00000000-0000-021b-0000-001100000004/location [39m[32m200[39m [90m27 ms - 77[39m
[35m[HTTP][39m [90m[39m
[35m[HTTP][39m [37m-->[39m [37mPOST[39m [37m/wd/hub/session/f0525d4c-759f-464a-b923-7969c5eb3acd/timeouts[39m
[35m[HTTP][39m [90m{"implicit":30000}[39m
[35m[HTTP][39m [37m<-- POST /wd/hub/session/f0525d4c-759f-464a-b923-7969c5eb3acd/timeouts [39m[32m200[39m [90m1 ms - 14[39m
[35m[HTTP][39m [90m[39m
[35m[HTTP][39m [37m-->[39m [37mPOST[39m [37m/wd/hub/session/f0525d4c-759f-464a-b923-7969c5eb3acd/element/00000000-0000-021b-0000-001100000004/click[39m
[35m[HTTP][39m [90m{"id":"00000000-0000-021b-0000-001100000004"}[39m
[35m[HTTP][39m [37m<-- POST /wd/hub/session/f0525d4c-759f-464a-b923-7969c5eb3acd/element/00000000-0000-021b-0000-001100000004/click [39m[32m200[39m [90m63 ms - 14[39m
[35m[HTTP][39m [90m[39m
[35m[HTTP][39m [37m-->[39m [37mPOST[39m [37m/wd/hub/session/f0525d4c-759f-464a-b923-7969c5eb3acd/timeouts[39m
[35m[HTTP][39m [90m{"implicit":50}[39m
[35m[HTTP][39m [37m<-- POST /wd/hub/session/f0525d4c-759f-464a-b923-7969c5eb3acd/timeouts [39m[32m200[39m [90m1 ms - 14[39m
[35m[HTTP][39m [90m[39m
[35m[HTTP][39m [37m-->[39m [37mGET[39m [37m/wd/hub/session/f0525d4c-759f-464a-b923-7969c5eb3acd/window/rect[39m
[35m[HTTP][39m [90m{}[39m
[35m[HTTP][39m [37m<-- GET /wd/hub/session/f0525d4c-759f-464a-b923-7969c5eb3acd/window/rect [39m[32m200[39m [90m18 ms - 49[39m
[35m[HTTP][39m [90m[39m
[35m[HTTP][39m [37m-->[39m [37mPOST[39m [37m/wd/hub/session/f0525d4c-759f-464a-b923-7969c5eb3acd/elements[39m
[35m[HTTP][39m [90m{"using":"accessibility id","value":"Masuk"}[39m
[35m[HTTP][39m [37m<-- POST /wd/hub/session/f0525d4c-759f-464a-b923-7969c5eb3acd/elements [39m[32m200[39m [90m725 ms - 139[39m
[35m[HTTP][39m [90m[39m
[35m[HTTP][39m [37m-->[39m [37mGET[39m [37m/wd/hub/session/f0525d4c-759f-464a-b923-7969c5eb3acd/element/00000000-0000-021b-0000-001e00000004/location[39m
[35m[HTTP][39m [90m{}[39m
[35m[W3C (f0525d4c)][39m Driver proxy active, passing request on via HTTP proxy
[35m[WD Proxy][39m Replacing sessionId fcce0014-32f3-4ec3-a3eb-d037fbe2947a with f0525d4c-759f-464a-b923-7969c5eb3acd
[35m[HTTP][39m [37m<-- GET /wd/hub/session/f0525d4c-759f-464a-b923-7969c5eb3acd/element/00000000-0000-021b-0000-001e00000004/location [39m[32m200[39m [90m27 ms - 78[39m
[35m[HTTP][39m [90m[39m
[35m[HTTP][39m [37m-->[39m [37mPOST[39m [37m/wd/hub/session/f0525d4c-759f-464a-b923-7969c5eb3acd/timeouts[39m
[35m[HTTP][39m [90m{"implicit":30000}[39m
[35m[HTTP][39m [37m<-- POST /wd/hub/session/f0525d4c-759f-464a-b923-7969c5eb3acd/timeouts [39m[32m200[39m [90m3 ms - 14[39m
[35m[HTTP][39m [90m[39m
[35m[HTTP][39m [37m-->[39m [37mGET[39m [37m/wd/hub/session/f0525d4c-759f-464a-b923-7969c5eb3acd/element/00000000-0000-021b-0000-001e00000004/attribute/enabled[39m
[35m[HTTP][39m [90m{}[39m
[35m[HTTP][39m [37m<-- GET /wd/hub/session/f0525d4c-759f-464a-b923-7969c5eb3acd/element/00000000-0000-021b-0000-001e00000004/attribute/enabled [39m[32m200[39m [90m25 ms - 16[39m
[35m[HTTP][39m [90m[39m
[35m[HTTP][39m [37m-->[39m [37mPOST[39m [37m/wd/hub/session/f0525d4c-759f-464a-b923-7969c5eb3acd/timeouts[39m
[35m[HTTP][39m [90m{"implicit":50}[39m
[35m[HTTP][39m [37m<-- POST /wd/hub/session/f0525d4c-759f-464a-b923-7969c5eb3acd/timeouts [39m[32m200[39m [90m1 ms - 14[39m
[35m[HTTP][39m [90m[39m
[35m[HTTP][39m [37m-->[39m [37mGET[39m [37m/wd/hub/session/f0525d4c-759f-464a-b923-7969c5eb3acd/window/rect[39m
[35m[HTTP][39m [90m{}[39m
[35m[HTTP][39m [37m<-- GET /wd/hub/session/f0525d4c-759f-464a-b923-7969c5eb3acd/window/rect [39m[32m200[39m [90m17 ms - 49[39m
[35m[HTTP][39m [90m[39m
[35m[HTTP][39m [37m-->[39m [37mPOST[39m [37m/wd/hub/session/f0525d4c-759f-464a-b923-7969c5eb3acd/elements[39m
[35m[HTTP][39m [90m{"using":"accessibility id","value":"Masuk"}[39m
[35m[HTTP][39m [37m<-- POST /wd/hub/session/f0525d4c-759f-464a-b923-7969c5eb3acd/elements [39m[32m200[39m [90m37 ms - 139[39m
[35m[HTTP][39m [90m[39m
[35m[HTTP][39m [37m-->[39m [37mGET[39m [37m/wd/hub/session/f0525d4c-759f-464a-b923-7969c5eb3acd/element/00000000-0000-021b-0000-001e00000004/location[39m
[35m[HTTP][39m [90m{}[39m
[35m[W3C (f0525d4c)][39m Driver proxy active, passing request on via HTTP proxy
[35m[WD Proxy][39m Replacing sessionId fcce0014-32f3-4ec3-a3eb-d037fbe2947a with f0525d4c-759f-464a-b923-7969c5eb3acd
[35m[HTTP][39m [37m<-- GET /wd/hub/session/f0525d4c-759f-464a-b923-7969c5eb3acd/element/00000000-0000-021b-0000-001e00000004/location [39m[32m200[39m [90m24 ms - 78[39m
[35m[HTTP][39m [90m[39m
[35m[HTTP][39m [37m-->[39m [37mPOST[39m [37m/wd/hub/session/f0525d4c-759f-464a-b923-7969c5eb3acd/timeouts[39m
[35m[HTTP][39m [90m{"implicit":30000}[39m
[35m[HTTP][39m [37m<-- POST /wd/hub/session/f0525d4c-759f-464a-b923-7969c5eb3acd/timeouts [39m[32m200[39m [90m1 ms - 14[39m
[35m[HTTP][39m [90m[39m
[35m[HTTP][39m [37m-->[39m [37mGET[39m [37m/wd/hub/session/f0525d4c-759f-464a-b923-7969c5eb3acd/element/00000000-0000-021b-0000-001e00000004/attribute/enabled[39m
[35m[HTTP][39m [90m{}[39m
[35m[HTTP][39m [37m<-- GET /wd/hub/session/f0525d4c-759f-464a-b923-7969c5eb3acd/element/00000000-0000-021b-0000-001e00000004/attribute/enabled [39m[32m200[39m [90m25 ms - 16[39m
[35m[HTTP][39m [90m[39m
[35m[HTTP][39m [37m-->[39m [37mPOST[39m [37m/wd/hub/session/f0525d4c-759f-464a-b923-7969c5eb3acd/timeouts[39m
[35m[HTTP][39m [90m{"implicit":50}[39m
[35m[HTTP][39m [37m<-- POST /wd/hub/session/f0525d4c-759f-464a-b923-7969c5eb3acd/timeouts [39m[32m200[39m [90m1 ms - 14[39m
[35m[HTTP][39m [90m[39m
[35m[HTTP][39m [37m-->[39m [37mGET[39m [37m/wd/hub/session/f0525d4c-759f-464a-b923-7969c5eb3acd/window/rect[39m
[35m[HTTP][39m [90m{}[39m
[35m[HTTP][39m [37m<-- GET /wd/hub/session/f0525d4c-759f-464a-b923-7969c5eb3acd/window/rect [39m[32m200[39m [90m18 ms - 49[39m
[35m[HTTP][39m [90m[39m
[35m[HTTP][39m [37m-->[39m [37mPOST[39m [37m/wd/hub/session/f0525d4c-759f-464a-b923-7969c5eb3acd/elements[39m
[35m[HTTP][39m [90m{"using":"accessibility id","value":"Masuk"}[39m
[35m[HTTP][39m [37m<-- POST /wd/hub/session/f0525d4c-759f-464a-b923-7969c5eb3acd/elements [39m[32m200[39m [90m65 ms - 139[39m
[35m[HTTP][39m [90m[39m
[35m[HTTP][39m [37m-->[39m [37mGET[39m [37m/wd/hub/session/f0525d4c-759f-464a-b923-7969c5eb3acd/element/00000000-0000-021b-0000-001e00000004/location[39m
[35m[HTTP][39m [90m{}[39m
[35m[W3C (f0525d4c)][39m Driver proxy active, passing request on via HTTP proxy
[35m[WD Proxy][39m Replacing sessionId fcce0014-32f3-4ec3-a3eb-d037fbe2947a with f0525d4c-759f-464a-b923-7969c5eb3acd
[35m[HTTP][39m [37m<-- GET /wd/hub/session/f0525d4c-759f-464a-b923-7969c5eb3acd/element/00000000-0000-021b-0000-001e00000004/location [39m[32m200[39m [90m30 ms - 78[39m
[35m[HTTP][39m [90m[39m
[35m[HTTP][39m [37m-->[39m [37mPOST[39m [37m/wd/hub/session/f0525d4c-759f-464a-b923-7969c5eb3acd/timeouts[39m
[35m[HTTP][39m [90m{"implicit":30000}[39m
[35m[HTTP][39m [37m<-- POST /wd/hub/session/f0525d4c-759f-464a-b923-7969c5eb3acd/timeouts [39m[32m200[39m [90m4 ms - 14[39m
[35m[HTTP][39m [90m[39m
[35m[HTTP][39m [37m-->[39m [37mPOST[39m [37m/wd/hub/session/f0525d4c-759f-464a-b923-7969c5eb3acd/element/00000000-0000-021b-0000-001e00000004/click[39m
[35m[HTTP][39m [90m{"id":"00000000-0000-021b-0000-001e00000004"}[39m
[35m[HTTP][39m [37m<-- POST /wd/hub/session/f0525d4c-759f-464a-b923-7969c5eb3acd/element/00000000-0000-021b-0000-001e00000004/click [39m[32m200[39m [90m57 ms - 14[39m
[35m[HTTP][39m [90m[39m
[35m[HTTP][39m [37m-->[39m [37mDELETE[39m [37m/wd/hub/session/f0525d4c-759f-464a-b923-7969c5eb3acd[39m
[35m[HTTP][39m [90m{}[39m
[35m[Appium][39m Removing session f0525d4c-759f-464a-b923-7969c5eb3acd from our master session list
[35m[UiAutomator2][39m Restoring hidden api policy to the device default configuration
[35m[HTTP][39m [37m<-- DELETE /wd/hub/session/f0525d4c-759f-464a-b923-7969c5eb3acd [39m[32m200[39m [90m388 ms - 14[39m
[35m[HTTP][39m [90m[39m
